<html>
<body>
<pre>
<h1>µVision Build Log</h1>
<h2>Tool Versions:</h2>
IDE-Version: ¦ÌVision V5.20.0.0
Copyright (C) 2016 ARM Ltd and ARM Germany GmbH. All rights reserved.
License Information: Dong L, opu, LIC=S5III-TW9LJ-48BFA-1ZKH3-NP01U-8ZZ4Z
 
Tool Versions:
Toolchain:       MDK-ARM Professional  Version: 5.20
Toolchain Path:  d:\Keil_v5\ARM\ARMCC\Bin
C Compiler:      Armcc.exe V5.06 update 2 (build 183)
Assembler:       Armasm.exe V5.06 update 2 (build 183)
Linker/Locator:  ArmLink.exe V5.06 update 2 (build 183)
Library Manager: ArmAr.exe V5.06 update 2 (build 183)
Hex Converter:   FromElf.exe V5.06 update 2 (build 183)
CPU DLL:         SARMCM3.DLL V5.20
Dialog DLL:      DCM.DLL V1.13.7.0
Target DLL:      Segger\JL2CM3.dll V2.99.20.0
Dialog DLL:      TCM.DLL V1.14.9.0
 
<h2>Project:</h2>
D:\User\Dong\Work\project\svn_sdk\SL1000\SDK\sh_sdk\A0\SDK\APS_PATCH\examples\bluetooth\gatt_client\nl1000_a0_app_m3.uvprojx
Project File Date:  05/09/2018

<h2>Output:</h2>
*** Using Compiler 'V5.06 update 2 (build 183)', folder: 'd:\Keil_v5\ARM\ARMCC\Bin'
Rebuild target 'NL1000_APS_App'
compiling ble_client_app_gatt.c...
compiling main_patch.c...
compiling ble_client_app.c...
linking...
.\Output\Objects\nl1000_a0_app_m3.axf: Warning: L6305W: Image does not have an entry point. (Not specified or not set due to multiple choices.)
Program Size: Code=115872 RO-data=17408 RW-data=3780 ZI-data=12452  
Finished: 0 information, 1 warning and 0 error messages.
FromELF: creating hex file...
After Build - User command #1: .\nl1000_a0_app_m3.bat
D:\User\Dong\Work\project\svn_sdk\SL1000\SDK\sh_sdk\A0\SDK\APS_PATCH\examples\bluetooth\gatt_client>d:\Keil_v5\ARM\ARMCC\bin\fromelf.exe Output\Objects\nl1000_a0_app_m3.axf --m32 --output Output\Objects\nl1000_a0_app_m3.s19 
D:\User\Dong\Work\project\svn_sdk\SL1000\SDK\sh_sdk\A0\SDK\APS_PATCH\examples\bluetooth\gatt_client>d:\Keil_v5\ARM\ARMCC\bin\fromelf.exe Output\Objects\nl1000_a0_app_m3.axf --bin --output Output\Objects\nl1000_a0_app_m3.bin 
D:\User\Dong\Work\project\svn_sdk\SL1000\SDK\sh_sdk\A0\SDK\APS_PATCH\examples\bluetooth\gatt_client>..\..\..\..\APS\tools\srec_cat.exe Output\Objects\nl1000_a0_app_m3.bin -binary -byte-swap 4 -o Output\Objects\nl1000_a0_app_m3_srecord.hex -vmem 32 
".\Output\Objects\nl1000_a0_app_m3.axf" - 0 Error(s), 1 Warning(s).

<h2>Collection of Component include folders:</h2>
  D:\User\Dong\Work\project\svn_sdk\SL1000\SDK\sh_sdk\A0\SDK\APS_PATCH\examples\bluetooth\gatt_client\RTE
  d:\Keil_v5\ARM\PACK\ARM\CMSIS\5.1.1\Device\ARM\ARMCM3\Include

<h2>Collection of Component Files used:</h2>
Build Time Elapsed:  00:00:03
</pre>
</body>
</html>
