<!doctype html public "-//w3c//dtd html 4.0 transitional//en">
<html><head>
<title>Static Call Graph - [.\Output\Objects\nl1000_a0_app_m3.axf]</title></head>
<body><HR>
<H1>Static Call Graph for image .\Output\Objects\nl1000_a0_app_m3.axf</H1><HR>
<BR><P>#&#060CALLGRAPH&#062# ARM Linker, 5060183: Last Updated: Thu May 10 11:30:18 2018
<BR><P>
<H3>Maximum Stack Usage =        920 bytes + Unknown(Cycles, Untraceable Function Pointers)</H3><H3>
Call chain for Maximum Stack Depth:</H3>
wpa_supplicant_process_3_of_4_patch &rArr; add_auto_connect_list &rArr; write_auto_connect_ap_num_to_flash &rArr; MwFim_FileWrite &rArr; MwFim_FileWriteDo &rArr; MwFim_GroupSwap &rArr; Hal_Flash_AddrRead
<P>
<H3>
Mutually Recursive functions
</H3> <LI><a href="#[1ea]">qsort</a>&nbsp;&nbsp;&nbsp;&rArr;&nbsp;&nbsp;&nbsp;<a href="#[1ea]">qsort</a><BR>
</UL>
<P>
<H3>
Function Pointers
</H3><UL>
 <LI><a href="#[0]">BleAppTaskHandler</a> from ble_client_app.o(i.BleAppTaskHandler) referenced from ble_client_app.o(i.BleAppInit)
 <LI><a href="#[43]">Boot_PreInitWarm_patch</a> from sys_init_patch.o(i.Boot_PreInitWarm_patch) referenced from sys_init_patch.o(i.SysInit_EntryPoint)
 <LI><a href="#[66]">CmdProcess_Patch</a> from diag_task_patch.o(i.CmdProcess_Patch) referenced from diag_task_patch.o(i.diag_task_patch_func_init)
 <LI><a href="#[c7]">CtrlWifi_PsStateForce_impl</a> from controller_wifi_patch.o(i.CtrlWifi_PsStateForce_impl) referenced from controller_wifi_patch.o(i.wifi_ctrl_patch_init)
 <LI><a href="#[64]">CtrlWifi_PsTout</a> from controller_wifi_patch.o(i.CtrlWifi_PsTout) referenced from controller_wifi_patch.o(i.controller_wifi_init_patch)
 <LI><a href="#[74]">GPIO_IRQHandler_Patch_patch</a> from nl1000_it_patch.o(i.GPIO_IRQHandler_Patch_patch) referenced from nl1000_it_patch.o(i.isr_patch_init)
 <LI><a href="#[87]">Hal_DbgUart_BaudRateSet_patch</a> from hal_dbg_uart_patch.o(i.Hal_DbgUart_BaudRateSet_patch) referenced from peri_patch_init.o(i.peripheral_patch_init)
 <LI><a href="#[88]">Hal_DbgUart_RxIntEn_patch</a> from hal_dbg_uart_patch.o(i.Hal_DbgUart_RxIntEn_patch) referenced from peri_patch_init.o(i.peripheral_patch_init)
 <LI><a href="#[8c]">Hal_Flash_4KSectorAddrErase_patch</a> from hal_flash_patch.o(i.Hal_Flash_4KSectorAddrErase_patch) referenced from peri_patch_init.o(i.peripheral_patch_init)
 <LI><a href="#[8d]">Hal_Flash_4KSectorIdxErase_patch</a> from hal_flash_patch.o(i.Hal_Flash_4KSectorIdxErase_patch) referenced from peri_patch_init.o(i.peripheral_patch_init)
 <LI><a href="#[8b]">Hal_Flash_Init_patch</a> from hal_flash_patch.o(i.Hal_Flash_Init_patch) referenced from peri_patch_init.o(i.peripheral_patch_init)
 <LI><a href="#[8e]">Hal_Flash_PageAddrProgram_patch</a> from hal_flash_patch.o(i.Hal_Flash_PageAddrProgram_patch) referenced from peri_patch_init.o(i.peripheral_patch_init)
 <LI><a href="#[90]">Hal_Flash_PageAddrRead_patch</a> from hal_flash_patch.o(i.Hal_Flash_PageAddrRead_patch) referenced from peri_patch_init.o(i.peripheral_patch_init)
 <LI><a href="#[8f]">Hal_Flash_PageIdxProgram_patch</a> from hal_flash_patch.o(i.Hal_Flash_PageIdxProgram_patch) referenced from peri_patch_init.o(i.peripheral_patch_init)
 <LI><a href="#[91]">Hal_Flash_Reset_patch</a> from hal_flash_patch.o(i.Hal_Flash_Reset_patch) referenced from peri_patch_init.o(i.peripheral_patch_init)
 <LI><a href="#[92]">Hal_I2c_MasterInit_patch</a> from hal_i2c_patch.o(i.Hal_I2c_MasterInit_patch) referenced from peri_patch_init.o(i.peripheral_patch_init)
 <LI><a href="#[85]">Hal_SysPinMuxAppInit_patch</a> from hal_system_patch.o(i.Hal_SysPinMuxAppInit_patch) referenced from peri_patch_init.o(i.peripheral_patch_init)
 <LI><a href="#[86]">Hal_Sys_ApsClkChangeApply_patch</a> from hal_system_patch.o(i.Hal_Sys_ApsClkChangeApply_patch) referenced from peri_patch_init.o(i.peripheral_patch_init)
 <LI><a href="#[82]">Hal_Sys_ApsModuleRst_patch</a> from hal_system_patch.o(i.Hal_Sys_ApsModuleRst_patch) referenced from peri_patch_init.o(i.peripheral_patch_init)
 <LI><a href="#[83]">Hal_Sys_MsqModuleRst_patch</a> from hal_system_patch.o(i.Hal_Sys_MsqModuleRst_patch) referenced from peri_patch_init.o(i.peripheral_patch_init)
 <LI><a href="#[84]">Hal_Sys_PwmSrcSelect_patch</a> from hal_system_patch.o(i.Hal_Sys_PwmSrcSelect_patch) referenced from peri_patch_init.o(i.peripheral_patch_init)
 <LI><a href="#[81]">Hal_Sys_SleepTimerGet_patch</a> from hal_system_patch.o(i.Hal_Sys_SleepTimerGet_patch) referenced from peri_patch_init.o(i.peripheral_patch_init)
 <LI><a href="#[93]">Hal_Tmr_Init_patch</a> from hal_tmr_patch.o(i.Hal_Tmr_Init_patch) referenced from peri_patch_init.o(i.peripheral_patch_init)
 <LI><a href="#[95]">Hal_Tmr_ReadCurrValue_patch</a> from hal_tmr_patch.o(i.Hal_Tmr_ReadCurrValue_patch) referenced from peri_patch_init.o(i.peripheral_patch_init)
 <LI><a href="#[94]">Hal_Tmr_Start_patch</a> from hal_tmr_patch.o(i.Hal_Tmr_Start_patch) referenced from peri_patch_init.o(i.peripheral_patch_init)
 <LI><a href="#[8a]">Hal_Uart_BaudRateSet_patch</a> from hal_uart_patch.o(i.Hal_Uart_BaudRateSet_patch) referenced from peri_patch_init.o(i.peripheral_patch_init)
 <LI><a href="#[89]">Hal_Uart_Init_patch</a> from hal_uart_patch.o(i.Hal_Uart_Init_patch) referenced from peri_patch_init.o(i.peripheral_patch_init)
 <LI><a href="#[9b]">Hal_Wdt_Clear_patch</a> from hal_wdt_patch.o(i.Hal_Wdt_Clear_patch) referenced from peri_patch_init.o(i.peripheral_patch_init)
 <LI><a href="#[9a]">Hal_Wdt_Feed_patch</a> from hal_wdt_patch.o(i.Hal_Wdt_Feed_patch) referenced from peri_patch_init.o(i.peripheral_patch_init)
 <LI><a href="#[97]">Hal_Wdt_InitForInt_patch</a> from hal_wdt_patch.o(i.Hal_Wdt_InitForInt_patch) referenced from peri_patch_init.o(i.peripheral_patch_init)
 <LI><a href="#[96]">Hal_Wdt_Init_patch</a> from hal_wdt_patch.o(i.Hal_Wdt_Init_patch) referenced from peri_patch_init.o(i.peripheral_patch_init)
 <LI><a href="#[98]">Hal_Wdt_Start_patch</a> from hal_wdt_patch.o(i.Hal_Wdt_Start_patch) referenced from peri_patch_init.o(i.peripheral_patch_init)
 <LI><a href="#[99]">Hal_Wdt_Stop_patch</a> from hal_wdt_patch.o(i.Hal_Wdt_Stop_patch) referenced from peri_patch_init.o(i.peripheral_patch_init)
 <LI><a href="#[16]">LeAppFreePeerGattDb</a> from ble_cmd_app.o(i.LeAppFreePeerGattDb) referenced from ble_cmd_app.o(i.LeCmdAppFuncAssign)
 <LI><a href="#[15]">LeAppGetPeerByHdl</a> from ble_cmd_app.o(i.LeAppGetPeerByHdl) referenced from ble_cmd_app.o(i.LeCmdAppFuncAssign)
 <LI><a href="#[1]">LeAttHandleOtherOp_Patch</a> from ble_att_common_patch.o(i.LeAttHandleOtherOp_Patch) referenced from ble_att_common_patch.o(i.LeAttCommonPatch_Init)
 <LI><a href="#[4]">LeCmAddPeerDev_Impl</a> from ble_cm_conn_patch.o(i.LeCmAddPeerDev_Impl) referenced from ble_cm_conn_patch.o(i.LeCmConnPatch_Init)
 <LI><a href="#[5]">LeCmDeletePeerDev_Impl</a> from ble_cm_conn_patch.o(i.LeCmDeletePeerDev_Impl) referenced from ble_cm_conn_patch.o(i.LeCmConnPatch_Init)
 <LI><a href="#[2]">LeCmGetPeerCount_Impl</a> from ble_cm_conn_patch.o(i.LeCmGetPeerCount_Impl) referenced from ble_cm_conn_patch.o(i.LeCmConnPatch_Init)
 <LI><a href="#[8]">LeCmHandleConnectionUpdateComplete_Patch</a> from ble_cm_handler_patch.o(i.LeCmHandleConnectionUpdateComplete_Patch) referenced from ble_cm_handler_patch.o(i.LeCmHandlerPatch_Init)
 <LI><a href="#[6]">LeCmHnadleHciExceptionCmdRsp_Patch</a> from ble_cm_handler_patch.o(i.LeCmHnadleHciExceptionCmdRsp_Patch) referenced from ble_cm_handler_patch.o(i.LeCmHandlerPatch_Init)
 <LI><a href="#[7]">LeCmHnadleHciExceptionEventInd_Patch</a> from ble_cm_handler_patch.o(i.LeCmHnadleHciExceptionEventInd_Patch) referenced from ble_cm_handler_patch.o(i.LeCmHandlerPatch_Init)
 <LI><a href="#[3]">LeCmPeerDevExist_Impl</a> from ble_cm_conn_patch.o(i.LeCmPeerDevExist_Impl) referenced from ble_cm_conn_patch.o(i.LeCmConnPatch_Init)
 <LI><a href="#[17]">LeCmdAppBuildGattTable</a> from ble_cmd_app_gatt.o(i.LeCmdAppBuildGattTable) referenced from ble_cmd_app_gatt.o(i.LeCmdAppGattFuncAssign)
 <LI><a href="#[13]">LeCmdAppClearSendFlag</a> from ble_cmd_app_cmd.o(i.LeCmdAppClearSendFlag) referenced from ble_cmd_app_cmd.o(i.LeCmdAppCmdFuncAssign)
 <LI><a href="#[19]">LeCmdAppProcessCliCmd</a> from ble_cmd_app_cmd.o(i.LeCmdAppProcessCliCmd) referenced from ble_cmd_app_cmd.o(i.LeCmdAppProcessAtCmd)
 <LI><a href="#[19]">LeCmdAppProcessCliCmd</a> from ble_cmd_app_cmd.o(i.LeCmdAppProcessCliCmd) referenced from ble_host_test_cmd.o(i.LeHostTestCmdHandler)
 <LI><a href="#[a]">LeCmdAppSendAtCmdAck</a> from ble_cmd_app_cmd.o(i.LeCmdAppSendAtCmdAck) referenced from ble_cmd_app_cmd.o(i.LeCmdAppCmdFuncAssign)
 <LI><a href="#[9]">LeCmdAppSendAtCmdRsp</a> from ble_cmd_app_cmd.o(i.LeCmdAppSendAtCmdRsp) referenced from ble_cmd_app_cmd.o(i.LeCmdAppCmdFuncAssign)
 <LI><a href="#[b]">LeCmdAppSendBleDisconnRsp</a> from ble_cmd_app_cmd.o(i.LeCmdAppSendBleDisconnRsp) referenced from ble_cmd_app_cmd.o(i.LeCmdAppCmdFuncAssign)
 <LI><a href="#[10]">LeCmdAppSendBleGattcCharInfoRsp</a> from ble_cmd_app_cmd.o(i.LeCmdAppSendBleGattcCharInfoRsp) referenced from ble_cmd_app_cmd.o(i.LeCmdAppCmdFuncAssign)
 <LI><a href="#[12]">LeCmdAppSendBleGattcCharReadRsp</a> from ble_cmd_app_cmd.o(i.LeCmdAppSendBleGattcCharReadRsp) referenced from ble_cmd_app_cmd.o(i.LeCmdAppCmdFuncAssign)
 <LI><a href="#[11]">LeCmdAppSendBleGattcDescInfoRsp</a> from ble_cmd_app_cmd.o(i.LeCmdAppSendBleGattcDescInfoRsp) referenced from ble_cmd_app_cmd.o(i.LeCmdAppCmdFuncAssign)
 <LI><a href="#[f]">LeCmdAppSendBleGattcInclSrvRsp</a> from ble_cmd_app_cmd.o(i.LeCmdAppSendBleGattcInclSrvRsp) referenced from ble_cmd_app_cmd.o(i.LeCmdAppCmdFuncAssign)
 <LI><a href="#[e]">LeCmdAppSendBleGattcNoPrimSrvRsp</a> from ble_cmd_app_cmd.o(i.LeCmdAppSendBleGattcNoPrimSrvRsp) referenced from ble_cmd_app_cmd.o(i.LeCmdAppCmdFuncAssign)
 <LI><a href="#[d]">LeCmdAppSendBleGattcPrimSrvRsp</a> from ble_cmd_app_cmd.o(i.LeCmdAppSendBleGattcPrimSrvRsp) referenced from ble_cmd_app_cmd.o(i.LeCmdAppCmdFuncAssign)
 <LI><a href="#[c]">LeCmdAppShowStateConnected</a> from ble_cmd_app_cmd.o(i.LeCmdAppShowStateConnected) referenced from ble_cmd_app_cmd.o(i.LeCmdAppCmdFuncAssign)
 <LI><a href="#[18]">LeCmdAppTaskHandler</a> from ble_cmd_app.o(i.LeCmdAppTaskHandler) referenced from ble_cmd_app.o(i.LeCmdAppInit)
 <LI><a href="#[1a]">LeGapConnUpdateRequest_Patch</a> from ble_gap_if_patch.o(i.LeGapConnUpdateRequest_Patch) referenced from ble_gap_if_patch.o(i.LeGapIfPatch_Init)
 <LI><a href="#[20]">LeGattAccessReadRsp_Patch</a> from ble_gatt_patch.o(i.LeGattAccessReadRsp_Patch) referenced from ble_gatt_patch.o(i.LeGattPatch_Init)
 <LI><a href="#[1f]">LeGattAccessWriteRsp_Patch</a> from ble_gatt_patch.o(i.LeGattAccessWriteRsp_Patch) referenced from ble_gatt_patch.o(i.LeGattPatch_Init)
 <LI><a href="#[29]">LeGattBuildReadMultiReq_Patch</a> from ble_gatt_server_patch.o(i.LeGattBuildReadMultiReq_Patch) referenced from ble_gatt_server_patch.o(i.LeGattServerPatchInit)
 <LI><a href="#[30]">LeGattCheckPrepareData_Patch</a> from ble_gatt_server_patch.o(i.LeGattCheckPrepareData_Patch) referenced from ble_gatt_server_patch.o(i.LeGattServerPatchInit)
 <LI><a href="#[2a]">LeGattCheckReadByTypeAction_Patch</a> from ble_gatt_server_patch.o(i.LeGattCheckReadByTypeAction_Patch) referenced from ble_gatt_server_patch.o(i.LeGattServerPatchInit)
 <LI><a href="#[1c]">LeGattFindStartService_Patch</a> from ble_gatt_common_patch.o(i.LeGattFindStartService_Patch) referenced from ble_gatt_common_patch.o(i.LeGattCommonPatch_Init)
 <LI><a href="#[1b]">LeGattHandleErrorRsp_Patch</a> from ble_gatt_client_patch.o(i.LeGattHandleErrorRsp_Patch) referenced from ble_gatt_client_patch.o(i.LeGattClientPatch_Init)
 <LI><a href="#[2f]">LeGattHandlePrepareWriteReq_Patch</a> from ble_gatt_server_patch.o(i.LeGattHandlePrepareWriteReq_Patch) referenced from ble_gatt_server_patch.o(i.LeGattServerPatchInit)
 <LI><a href="#[2d]">LeGattHandleReadBlobReq_Patch</a> from ble_gatt_server_patch.o(i.LeGattHandleReadBlobReq_Patch) referenced from ble_gatt_server_patch.o(i.LeGattServerPatchInit)
 <LI><a href="#[2b]">LeGattHandleReadByTypeReq_Patch</a> from ble_gatt_server_patch.o(i.LeGattHandleReadByTypeReq_Patch) referenced from ble_gatt_server_patch.o(i.LeGattServerPatchInit)
 <LI><a href="#[2c]">LeGattHandleReadReq_Patch</a> from ble_gatt_server_patch.o(i.LeGattHandleReadReq_Patch) referenced from ble_gatt_server_patch.o(i.LeGattServerPatchInit)
 <LI><a href="#[2e]">LeGattHandleWriteReq_Patch</a> from ble_gatt_server_patch.o(i.LeGattHandleWriteReq_Patch) referenced from ble_gatt_server_patch.o(i.LeGattServerPatchInit)
 <LI><a href="#[21]">LeGattModifyAttrVal_Patch</a> from ble_gatt_patch.o(i.LeGattModifyAttrVal_Patch) referenced from ble_gatt_patch.o(i.LeGattPatch_Init)
 <LI><a href="#[1e]">LeGattPrepareWriteCharValReliable_Patch</a> from ble_gatt_patch.o(i.LeGattPrepareWriteCharValReliable_Patch) referenced from ble_gatt_patch.o(i.LeGattPatch_Init)
 <LI><a href="#[26]">LeGattProcedureFindAllCharDescriptor_Patch</a> from ble_gatt_procedure_patch.o(i.LeGattProcedureFindAllCharDescriptor_Patch) referenced from ble_gatt_procedure_patch.o(i.LeGattProcedurePatch_Init)
 <LI><a href="#[22]">LeGattProcedureFindAllPrimaryService_Patch</a> from ble_gatt_procedure_patch.o(i.LeGattProcedureFindAllPrimaryService_Patch) referenced from ble_gatt_procedure_patch.o(i.LeGattProcedurePatch_Init)
 <LI><a href="#[25]">LeGattProcedureFindCharacteristic_Patch</a> from ble_gatt_procedure_patch.o(i.LeGattProcedureFindCharacteristic_Patch) referenced from ble_gatt_procedure_patch.o(i.LeGattProcedurePatch_Init)
 <LI><a href="#[24]">LeGattProcedureFindIncludedService_Patch</a> from ble_gatt_procedure_patch.o(i.LeGattProcedureFindIncludedService_Patch) referenced from ble_gatt_procedure_patch.o(i.LeGattProcedurePatch_Init)
 <LI><a href="#[23]">LeGattProcedureFindPrimaryServiceByUuid_Patch</a> from ble_gatt_procedure_patch.o(i.LeGattProcedureFindPrimaryServiceByUuid_Patch) referenced from ble_gatt_procedure_patch.o(i.LeGattProcedurePatch_Init)
 <LI><a href="#[28]">LeGattProcedurePrepareWriteCharValReliable_Patch</a> from ble_gatt_procedure_patch.o(i.LeGattProcedurePrepareWriteCharValReliable_Patch) referenced from ble_gatt_procedure_patch.o(i.LeGattProcedurePatch_Init)
 <LI><a href="#[27]">LeGattProcedureReadCharValByUuid_Patch</a> from ble_gatt_procedure_patch.o(i.LeGattProcedureReadCharValByUuid_Patch) referenced from ble_gatt_procedure_patch.o(i.LeGattProcedurePatch_Init)
 <LI><a href="#[1d]">LeGattWriteLongCharVal_Patch</a> from ble_gatt_patch.o(i.LeGattWriteLongCharVal_Patch) referenced from ble_gatt_patch.o(i.LeGattPatch_Init)
 <LI><a href="#[31]">LeHciLeSetEventMask_Patch</a> from ble_hci_cmd_handler_patch.o(i.LeHciLeSetEventMask_Patch) referenced from ble_hci_cmd_handler_patch.o(i.LeHciCmdHandler_Init)
 <LI><a href="#[33]">LeHostPreInit_Patch</a> from ble_rtos_task_patch.o(i.LeHostPreInit_Patch) referenced from ble_rtos_task_patch.o(i.LeRtosTaskPatch_Init)
 <LI><a href="#[34]">LeSmpConfigInit_Patch</a> from ble_smp_common_patch.o(i.LeSmpConfigInit_Patch) referenced from ble_smp_common_patch.o(i.LeSmpCommonPatch_Init)
 <LI><a href="#[36]">LeSmpGetPublicKey_Patch</a> from ble_smp_secure_conn_patch.o(i.LeSmpGetPublicKey_Patch) referenced from ble_smp_secure_conn_patch.o(i.LeSmpSecureConnPatch_Init)
 <LI><a href="#[3b]">LeSmpHandlePairingPublicKey_Patch</a> from ble_smp_secure_conn_patch.o(i.LeSmpHandlePairingPublicKey_Patch) referenced from ble_smp_secure_conn_patch.o(i.LeSmpSecureConnPatch_Init)
 <LI><a href="#[39]">LeSmpHandleScPairRandom_Patch</a> from ble_smp_secure_conn_patch.o(i.LeSmpHandleScPairRandom_Patch) referenced from ble_smp_secure_conn_patch.o(i.LeSmpSecureConnPatch_Init)
 <LI><a href="#[3d]">LeSmpRemoveBondInfo_Patch</a> from ble_smp_store_patch.o(i.LeSmpRemoveBondInfo_Patch) referenced from ble_smp_store_patch.o(i.LeSmpStorePatch_Init)
 <LI><a href="#[37]">LeSmpScConfirmExecute_Patch</a> from ble_smp_secure_conn_patch.o(i.LeSmpScConfirmExecute_Patch) referenced from ble_smp_secure_conn_patch.o(i.LeSmpSecureConnPatch_Init)
 <LI><a href="#[35]">LeSmpScEnsureKeysGenerated_Patch</a> from ble_smp_secure_conn_patch.o(i.LeSmpScEnsureKeysGenerated_Patch) referenced from ble_smp_secure_conn_patch.o(i.LeSmpSecureConnPatch_Init)
 <LI><a href="#[38]">LeSmpScGenNumcmp_Patch</a> from ble_smp_secure_conn_patch.o(i.LeSmpScGenNumcmp_Patch) referenced from ble_smp_secure_conn_patch.o(i.LeSmpSecureConnPatch_Init)
 <LI><a href="#[3a]">LeSmpScPublicKeyExecute_Patch</a> from ble_smp_secure_conn_patch.o(i.LeSmpScPublicKeyExecute_Patch) referenced from ble_smp_secure_conn_patch.o(i.LeSmpSecureConnPatch_Init)
 <LI><a href="#[3c]">LeSmpUpdateBondinfo_Patch</a> from ble_smp_store_patch.o(i.LeSmpUpdateBondinfo_Patch) referenced from ble_smp_store_patch.o(i.LeSmpStorePatch_Init)
 <LI><a href="#[3e]">LeSmpUtilEncrypt_Patch</a> from ble_smp_util_patch.o(i.LeSmpUtilEncrypt_Patch) referenced from ble_smp_util_patch.o(i.LeSmpUtilPatch_Init)
 <LI><a href="#[3f]">LeSmpUtilGenDhkey_Patch</a> from ble_smp_util_patch.o(i.LeSmpUtilGenDhkey_Patch) referenced from ble_smp_util_patch.o(i.LeSmpUtilPatch_Init)
 <LI><a href="#[40]">LeSmpUtilGetErIr_Patch</a> from ble_smp_util_patch.o(i.LeSmpUtilGetErIr_Patch) referenced from ble_smp_util_patch.o(i.LeSmpUtilPatch_Init)
 <LI><a href="#[14]">LeUtilAlignment</a> from ble_cmd_app_db.o(i.LeUtilAlignment) referenced from ble_cmd_app_db.o(i.LeCmdAppDbFuncAssign)
 <LI><a href="#[4d]">Main_AppInit_patch</a> from main_patch.o(i.Main_AppInit_patch) referenced from main_patch.o(.ARM.__at_0x00420000)
 <LI><a href="#[46]">Main_ClockSetup_patch</a> from sys_init_patch.o(i.Main_ClockSetup_patch) referenced from sys_init_patch.o(i.SysInit_EntryPoint)
 <LI><a href="#[44]">Main_DriverInit_patch</a> from sys_init_patch.o(i.Main_DriverInit_patch) referenced from sys_init_patch.o(i.SysInit_EntryPoint)
 <LI><a href="#[48]">Main_IdleHook_patch</a> from sys_init_patch.o(i.Main_IdleHook_patch) referenced from sys_init_patch.o(i.SysInit_EntryPoint)
 <LI><a href="#[45]">Main_PowerSetup_patch</a> from sys_init_patch.o(i.Main_PowerSetup_patch) referenced from sys_init_patch.o(i.SysInit_EntryPoint)
 <LI><a href="#[47]">Main_ServiceInit_patch</a> from sys_init_patch.o(i.Main_ServiceInit_patch) referenced from sys_init_patch.o(i.SysInit_EntryPoint)
 <LI><a href="#[32]">ParseLeCmdTestCommand</a> from ble_cmd_app_cmd.o(i.ParseLeCmdTestCommand) referenced from ble_host_test_cmd.o(i.LeHostTestCmdHandler)
 <LI><a href="#[67]">ParsePINGCommand_patch</a> from diag_task_patch.o(i.ParsePINGCommand_patch) referenced from diag_task_patch.o(i.diag_task_patch_func_init)
 <LI><a href="#[77]">TIM0_IRQHandler_Patch_patch</a> from nl1000_it_patch.o(i.TIM0_IRQHandler_Patch_patch) referenced from nl1000_it_patch.o(i.isr_patch_init)
 <LI><a href="#[78]">TIM1_IRQHandler_Patch_patch</a> from nl1000_it_patch.o(i.TIM1_IRQHandler_Patch_patch) referenced from nl1000_it_patch.o(i.isr_patch_init)
 <LI><a href="#[75]">UART0_IRQHandler_Patch_patch</a> from nl1000_it_patch.o(i.UART0_IRQHandler_Patch_patch) referenced from nl1000_it_patch.o(i.isr_patch_init)
 <LI><a href="#[76]">UART1_IRQHandler_Patch_patch</a> from nl1000_it_patch.o(i.UART1_IRQHandler_Patch_patch) referenced from nl1000_it_patch.o(i.isr_patch_init)
 <LI><a href="#[42]">__Test_ForSwPatch</a> from sys_init_patch.o(i.__Test_ForSwPatch) referenced from sys_init_patch.o(i.SysInit_EntryPoint)
 <LI><a href="#[ff]">_at_cmd_ble_addr</a> from at_cmd_ble_patch.o(i._at_cmd_ble_addr) referenced from at_cmd_ble_patch.o(.data)
 <LI><a href="#[103]">_at_cmd_ble_advdata</a> from at_cmd_ble_patch.o(i._at_cmd_ble_advdata) referenced from at_cmd_ble_patch.o(.data)
 <LI><a href="#[102]">_at_cmd_ble_advparam</a> from at_cmd_ble_patch.o(i._at_cmd_ble_advparam) referenced from at_cmd_ble_patch.o(.data)
 <LI><a href="#[108]">_at_cmd_ble_advstart</a> from at_cmd_ble_patch.o(i._at_cmd_ble_advstart) referenced from at_cmd_ble_patch.o(.data)
 <LI><a href="#[109]">_at_cmd_ble_advstop</a> from at_cmd_ble_patch.o(i._at_cmd_ble_advstop) referenced from at_cmd_ble_patch.o(.data)
 <LI><a href="#[105]">_at_cmd_ble_cfgmtu</a> from at_cmd_ble_patch.o(i._at_cmd_ble_cfgmtu) referenced from at_cmd_ble_patch.o(.data)
 <LI><a href="#[10a]">_at_cmd_ble_conn</a> from at_cmd_ble_patch.o(i._at_cmd_ble_conn) referenced from at_cmd_ble_patch.o(.data)
 <LI><a href="#[123]">_at_cmd_ble_connect</a> from at_cmd_ble_patch.o(i._at_cmd_ble_connect) referenced from at_cmd_ble_patch.o(.data)
 <LI><a href="#[124]">_at_cmd_ble_connect_info</a> from at_cmd_ble_patch.o(i._at_cmd_ble_connect_info) referenced from at_cmd_ble_patch.o(.data)
 <LI><a href="#[104]">_at_cmd_ble_datalen</a> from at_cmd_ble_patch.o(i._at_cmd_ble_datalen) referenced from at_cmd_ble_patch.o(.data)
 <LI><a href="#[117]">_at_cmd_ble_dbg</a> from at_cmd_ble_patch.o(i._at_cmd_ble_dbg) referenced from at_cmd_ble_patch.o(.data)
 <LI><a href="#[115]">_at_cmd_ble_disconn</a> from at_cmd_ble_patch.o(i._at_cmd_ble_disconn) referenced from at_cmd_ble_patch.o(.data)
 <LI><a href="#[129]">_at_cmd_ble_disconnect</a> from at_cmd_ble_patch.o(i._at_cmd_ble_disconnect) referenced from at_cmd_ble_patch.o(.data)
 <LI><a href="#[12a]">_at_cmd_ble_down</a> from at_cmd_ble_patch.o(i._at_cmd_ble_down) referenced from at_cmd_ble_patch.o(.data)
 <LI><a href="#[119]">_at_cmd_ble_end</a> from at_cmd_ble_patch.o(i._at_cmd_ble_end) referenced from at_cmd_ble_patch.o(.data)
 <LI><a href="#[112]">_at_cmd_ble_gattcchar</a> from at_cmd_ble_patch.o(i._at_cmd_ble_gattcchar) referenced from at_cmd_ble_patch.o(.data)
 <LI><a href="#[111]">_at_cmd_ble_gattcinclsrv</a> from at_cmd_ble_patch.o(i._at_cmd_ble_gattcinclsrv) referenced from at_cmd_ble_patch.o(.data)
 <LI><a href="#[110]">_at_cmd_ble_gattcprimsrv</a> from at_cmd_ble_patch.o(i._at_cmd_ble_gattcprimsrv) referenced from at_cmd_ble_patch.o(.data)
 <LI><a href="#[113]">_at_cmd_ble_gattcrd</a> from at_cmd_ble_patch.o(i._at_cmd_ble_gattcrd) referenced from at_cmd_ble_patch.o(.data)
 <LI><a href="#[114]">_at_cmd_ble_gattcwr</a> from at_cmd_ble_patch.o(i._at_cmd_ble_gattcwr) referenced from at_cmd_ble_patch.o(.data)
 <LI><a href="#[10c]">_at_cmd_ble_gattschar</a> from at_cmd_ble_patch.o(i._at_cmd_ble_gattschar) referenced from at_cmd_ble_patch.o(.data)
 <LI><a href="#[10e]">_at_cmd_ble_gattsind</a> from at_cmd_ble_patch.o(i._at_cmd_ble_gattsind) referenced from at_cmd_ble_patch.o(.data)
 <LI><a href="#[10d]">_at_cmd_ble_gattsntfy</a> from at_cmd_ble_patch.o(i._at_cmd_ble_gattsntfy) referenced from at_cmd_ble_patch.o(.data)
 <LI><a href="#[10f]">_at_cmd_ble_gattssetattr</a> from at_cmd_ble_patch.o(i._at_cmd_ble_gattssetattr) referenced from at_cmd_ble_patch.o(.data)
 <LI><a href="#[10b]">_at_cmd_ble_gattssrv</a> from at_cmd_ble_patch.o(i._at_cmd_ble_gattssrv) referenced from at_cmd_ble_patch.o(.data)
 <LI><a href="#[106]">_at_cmd_ble_gattssrvstart</a> from at_cmd_ble_patch.o(i._at_cmd_ble_gattssrvstart) referenced from at_cmd_ble_patch.o(.data)
 <LI><a href="#[125]">_at_cmd_ble_getdata</a> from at_cmd_ble_patch.o(i._at_cmd_ble_getdata) referenced from at_cmd_ble_patch.o(.data)
 <LI><a href="#[fe]">_at_cmd_ble_init</a> from at_cmd_ble_patch.o(i._at_cmd_ble_init) referenced from at_cmd_ble_patch.o(.data)
 <LI><a href="#[116]">_at_cmd_ble_mode</a> from at_cmd_ble_patch.o(i._at_cmd_ble_mode) referenced from at_cmd_ble_patch.o(.data)
 <LI><a href="#[128]">_at_cmd_ble_removedata</a> from at_cmd_ble_patch.o(i._at_cmd_ble_removedata) referenced from at_cmd_ble_patch.o(.data)
 <LI><a href="#[11a]">_at_cmd_ble_rsv</a> from at_cmd_ble_patch.o(i._at_cmd_ble_rsv) referenced from at_cmd_ble_patch.o(.data)
 <LI><a href="#[107]">_at_cmd_ble_scan</a> from at_cmd_ble_patch.o(i._at_cmd_ble_scan) referenced 2 times from at_cmd_ble_patch.o(.data)
 <LI><a href="#[100]">_at_cmd_ble_scanparam</a> from at_cmd_ble_patch.o(i._at_cmd_ble_scanparam) referenced from at_cmd_ble_patch.o(.data)
 <LI><a href="#[101]">_at_cmd_ble_scanrspdata</a> from at_cmd_ble_patch.o(i._at_cmd_ble_scanrspdata) referenced from at_cmd_ble_patch.o(.data)
 <LI><a href="#[126]">_at_cmd_ble_senddata</a> from at_cmd_ble_patch.o(i._at_cmd_ble_senddata) referenced from at_cmd_ble_patch.o(.data)
 <LI><a href="#[127]">_at_cmd_ble_showdata</a> from at_cmd_ble_patch.o(i._at_cmd_ble_showdata) referenced from at_cmd_ble_patch.o(.data)
 <LI><a href="#[118]">_at_cmd_ble_start</a> from at_cmd_ble_patch.o(i._at_cmd_ble_start) referenced from at_cmd_ble_patch.o(.data)
 <LI><a href="#[122]">_at_cmd_bles_adv_infinite</a> from at_cmd_ble_patch.o(i._at_cmd_bles_adv_infinite) referenced from at_cmd_ble_patch.o(.data)
 <LI><a href="#[121]">_at_cmd_bles_down</a> from at_cmd_ble_patch.o(i._at_cmd_bles_down) referenced from at_cmd_ble_patch.o(.data)
 <LI><a href="#[11b]">_at_cmd_bles_init</a> from at_cmd_ble_patch.o(i._at_cmd_bles_init) referenced from at_cmd_ble_patch.o(.data)
 <LI><a href="#[11e]">_at_cmd_bles_senddata</a> from at_cmd_ble_patch.o(i._at_cmd_bles_senddata) referenced from at_cmd_ble_patch.o(.data)
 <LI><a href="#[11f]">_at_cmd_bles_setdata</a> from at_cmd_ble_patch.o(i._at_cmd_bles_setdata) referenced from at_cmd_ble_patch.o(.data)
 <LI><a href="#[120]">_at_cmd_bles_showdata</a> from at_cmd_ble_patch.o(i._at_cmd_bles_showdata) referenced from at_cmd_ble_patch.o(.data)
 <LI><a href="#[11c]">_at_cmd_bles_start_bcst</a> from at_cmd_ble_patch.o(i._at_cmd_bles_start_bcst) referenced from at_cmd_ble_patch.o(.data)
 <LI><a href="#[11d]">_at_cmd_bles_stop_bcst</a> from at_cmd_ble_patch.o(i._at_cmd_bles_stop_bcst) referenced from at_cmd_ble_patch.o(.data)
 <LI><a href="#[12b]">_at_cmd_blestatus</a> from at_cmd_ble_patch.o(i._at_cmd_blestatus) referenced from at_cmd_ble_patch.o(.data)
 <LI><a href="#[132]">_at_cmd_bt_down</a> from at_cmd_ble_patch.o(i._at_cmd_bt_down) referenced from at_cmd_ble_patch.o(.data)
 <LI><a href="#[131]">_at_cmd_bt_init</a> from at_cmd_ble_patch.o(i._at_cmd_bt_init) referenced from at_cmd_ble_patch.o(.data)
 <LI><a href="#[135]">_at_cmd_bt_rfcomm_send</a> from at_cmd_ble_patch.o(i._at_cmd_bt_rfcomm_send) referenced from at_cmd_ble_patch.o(.data)
 <LI><a href="#[133]">_at_cmd_bt_rfcomm_start</a> from at_cmd_ble_patch.o(i._at_cmd_bt_rfcomm_start) referenced from at_cmd_ble_patch.o(.data)
 <LI><a href="#[134]">_at_cmd_bt_rfcomm_stop</a> from at_cmd_ble_patch.o(i._at_cmd_bt_rfcomm_stop) referenced from at_cmd_ble_patch.o(.data)
 <LI><a href="#[136]">_at_cmd_bt_scan</a> from at_cmd_ble_patch.o(i._at_cmd_bt_scan) referenced from at_cmd_ble_patch.o(.data)
 <LI><a href="#[12d]">_at_cmd_bts_down</a> from at_cmd_ble_patch.o(i._at_cmd_bts_down) referenced from at_cmd_ble_patch.o(.data)
 <LI><a href="#[12c]">_at_cmd_bts_init</a> from at_cmd_ble_patch.o(i._at_cmd_bts_init) referenced from at_cmd_ble_patch.o(.data)
 <LI><a href="#[130]">_at_cmd_bts_rfcomm_send</a> from at_cmd_ble_patch.o(i._at_cmd_bts_rfcomm_send) referenced from at_cmd_ble_patch.o(.data)
 <LI><a href="#[12e]">_at_cmd_bts_rfcomm_start</a> from at_cmd_ble_patch.o(i._at_cmd_bts_rfcomm_start) referenced from at_cmd_ble_patch.o(.data)
 <LI><a href="#[12f]">_at_cmd_bts_rfcomm_stop</a> from at_cmd_ble_patch.o(i._at_cmd_bts_rfcomm_stop) referenced from at_cmd_ble_patch.o(.data)
 <LI><a href="#[137]">_at_cmd_btstatus</a> from at_cmd_ble_patch.o(i._at_cmd_btstatus) referenced from at_cmd_ble_patch.o(.data)
 <LI><a href="#[4c]">_at_cmd_extend_impl</a> from at_cmd_patch.o(i._at_cmd_extend_impl) referenced from at_cmd_patch.o(i._at_cmd_func_init)
 <LI><a href="#[4b]">_at_cmd_handler_impl</a> from at_cmd_patch.o(i._at_cmd_handler_impl) referenced from at_cmd_patch.o(i._at_cmd_func_init)
 <LI><a href="#[13d]">_at_cmd_other_common_buf_show</a> from at_cmd_others_patch.o(i._at_cmd_other_common_buf_show) referenced from at_cmd_others_patch.o(.data)
 <LI><a href="#[13c]">_at_cmd_other_ir_rx_down</a> from at_cmd_others_patch.o(i._at_cmd_other_ir_rx_down) referenced from at_cmd_others_patch.o(.data)
 <LI><a href="#[13b]">_at_cmd_other_ir_rx_init</a> from at_cmd_others_patch.o(i._at_cmd_other_ir_rx_init) referenced from at_cmd_others_patch.o(.data)
 <LI><a href="#[13a]">_at_cmd_other_ir_tx</a> from at_cmd_others_patch.o(i._at_cmd_other_ir_tx) referenced from at_cmd_others_patch.o(.data)
 <LI><a href="#[139]">_at_cmd_other_ir_tx_down</a> from at_cmd_others_patch.o(i._at_cmd_other_ir_tx_down) referenced from at_cmd_others_patch.o(.data)
 <LI><a href="#[138]">_at_cmd_other_ir_tx_init</a> from at_cmd_others_patch.o(i._at_cmd_other_ir_tx_init) referenced from at_cmd_others_patch.o(.data)
 <LI><a href="#[140]">_at_cmd_other_secondary_uart_start</a> from at_cmd_others_patch.o(i._at_cmd_other_secondary_uart_start) referenced from at_cmd_others_patch.o(.data)
 <LI><a href="#[141]">_at_cmd_other_secondary_uart_stop</a> from at_cmd_others_patch.o(i._at_cmd_other_secondary_uart_stop) referenced from at_cmd_others_patch.o(.data)
 <LI><a href="#[142]">_at_cmd_other_secondary_uart_write</a> from at_cmd_others_patch.o(i._at_cmd_other_secondary_uart_write) referenced from at_cmd_others_patch.o(.data)
 <LI><a href="#[13f]">_at_cmd_other_temperature_off</a> from at_cmd_others_patch.o(i._at_cmd_other_temperature_off) referenced from at_cmd_others_patch.o(.data)
 <LI><a href="#[13e]">_at_cmd_other_temperature_on</a> from at_cmd_others_patch.o(i._at_cmd_other_temperature_on) referenced from at_cmd_others_patch.o(.data)
 <LI><a href="#[4a]">_at_cmd_parse_impl</a> from at_cmd_patch.o(i._at_cmd_parse_impl) referenced from at_cmd_patch.o(i._at_cmd_func_init)
 <LI><a href="#[143]">_at_cmd_pip_fun1</a> from at_cmd_pip_patch.o(i._at_cmd_pip_fun1) referenced from at_cmd_pip_patch.o(.data)
 <LI><a href="#[144]">_at_cmd_pip_rsv</a> from at_cmd_pip_patch.o(i._at_cmd_pip_rsv) referenced from at_cmd_pip_patch.o(.data)
 <LI><a href="#[148]">_at_cmd_pip_spi_master_buf_show</a> from at_cmd_pip_patch.o(i._at_cmd_pip_spi_master_buf_show) referenced from at_cmd_pip_patch.o(.data)
 <LI><a href="#[147]">_at_cmd_pip_spi_master_get_data</a> from at_cmd_pip_patch.o(i._at_cmd_pip_spi_master_get_data) referenced from at_cmd_pip_patch.o(.data)
 <LI><a href="#[145]">_at_cmd_pip_spi_master_init</a> from at_cmd_pip_patch.o(i._at_cmd_pip_spi_master_init) referenced from at_cmd_pip_patch.o(.data)
 <LI><a href="#[146]">_at_cmd_pip_spi_master_stop</a> from at_cmd_pip_patch.o(i._at_cmd_pip_spi_master_stop) referenced from at_cmd_pip_patch.o(.data)
 <LI><a href="#[14c]">_at_cmd_pip_spi_slave_buf_show</a> from at_cmd_pip_patch.o(i._at_cmd_pip_spi_slave_buf_show) referenced from at_cmd_pip_patch.o(.data)
 <LI><a href="#[14b]">_at_cmd_pip_spi_slave_buf_status</a> from at_cmd_pip_patch.o(i._at_cmd_pip_spi_slave_buf_status) referenced from at_cmd_pip_patch.o(.data)
 <LI><a href="#[149]">_at_cmd_pip_spi_slave_init</a> from at_cmd_pip_patch.o(i._at_cmd_pip_spi_slave_init) referenced from at_cmd_pip_patch.o(.data)
 <LI><a href="#[14a]">_at_cmd_pip_spi_slave_stop</a> from at_cmd_pip_patch.o(i._at_cmd_pip_spi_slave_stop) referenced from at_cmd_pip_patch.o(.data)
 <LI><a href="#[14e]">_at_cmd_pip_uart_cts_rts_disable</a> from at_cmd_pip_patch.o(i._at_cmd_pip_uart_cts_rts_disable) referenced from at_cmd_pip_patch.o(.data)
 <LI><a href="#[14d]">_at_cmd_pip_uart_cts_rts_enable</a> from at_cmd_pip_patch.o(i._at_cmd_pip_uart_cts_rts_enable) referenced from at_cmd_pip_patch.o(.data)
 <LI><a href="#[14f]">_at_cmd_pip_uart_start</a> from at_cmd_pip_patch.o(i._at_cmd_pip_uart_start) referenced from at_cmd_pip_patch.o(.data)
 <LI><a href="#[150]">_at_cmd_pip_uart_stop</a> from at_cmd_pip_patch.o(i._at_cmd_pip_uart_stop) referenced from at_cmd_pip_patch.o(.data)
 <LI><a href="#[151]">_at_cmd_pip_uart_write</a> from at_cmd_pip_patch.o(i._at_cmd_pip_uart_write) referenced from at_cmd_pip_patch.o(.data)
 <LI><a href="#[154]">_at_cmd_rf_channel</a> from at_cmd_rf_patch.o(i._at_cmd_rf_channel) referenced from at_cmd_rf_patch.o(.data)
 <LI><a href="#[156]">_at_cmd_rf_counters</a> from at_cmd_rf_patch.o(i._at_cmd_rf_counters) referenced from at_cmd_rf_patch.o(.data)
 <LI><a href="#[15a]">_at_cmd_rf_end</a> from at_cmd_rf_patch.o(i._at_cmd_rf_end) referenced from at_cmd_rf_patch.o(.data)
 <LI><a href="#[153]">_at_cmd_rf_go</a> from at_cmd_rf_patch.o(i._at_cmd_rf_go) referenced from at_cmd_rf_patch.o(.data)
 <LI><a href="#[152]">_at_cmd_rf_mode</a> from at_cmd_rf_patch.o(i._at_cmd_rf_mode) referenced from at_cmd_rf_patch.o(.data)
 <LI><a href="#[155]">_at_cmd_rf_resetcnts</a> from at_cmd_rf_patch.o(i._at_cmd_rf_resetcnts) referenced from at_cmd_rf_patch.o(.data)
 <LI><a href="#[15b]">_at_cmd_rf_rsv</a> from at_cmd_rf_patch.o(i._at_cmd_rf_rsv) referenced from at_cmd_rf_patch.o(.data)
 <LI><a href="#[158]">_at_cmd_rf_rx</a> from at_cmd_rf_patch.o(i._at_cmd_rf_rx) referenced from at_cmd_rf_patch.o(.data)
 <LI><a href="#[159]">_at_cmd_rf_start</a> from at_cmd_rf_patch.o(i._at_cmd_rf_start) referenced from at_cmd_rf_patch.o(.data)
 <LI><a href="#[157]">_at_cmd_rf_tx</a> from at_cmd_rf_patch.o(i._at_cmd_rf_tx) referenced from at_cmd_rf_patch.o(.data)
 <LI><a href="#[16a]">_at_cmd_sys_auto_recording_off</a> from at_cmd_sys_patch.o(i._at_cmd_sys_auto_recording_off) referenced from at_cmd_sys_patch.o(.data)
 <LI><a href="#[169]">_at_cmd_sys_auto_recording_on</a> from at_cmd_sys_patch.o(i._at_cmd_sys_auto_recording_on) referenced from at_cmd_sys_patch.o(.data)
 <LI><a href="#[170]">_at_cmd_sys_dbg_uart_ctrl</a> from at_cmd_sys_patch.o(i._at_cmd_sys_dbg_uart_ctrl) referenced from at_cmd_sys_patch.o(.data)
 <LI><a href="#[171]">_at_cmd_sys_download</a> from at_cmd_sys_patch.o(i._at_cmd_sys_download) referenced from at_cmd_sys_patch.o(.data)
 <LI><a href="#[167]">_at_cmd_sys_end</a> from at_cmd_sys_patch.o(i._at_cmd_sys_end) referenced from at_cmd_sys_patch.o(.data)
 <LI><a href="#[16b]">_at_cmd_sys_fwver</a> from at_cmd_sys_patch.o(i._at_cmd_sys_fwver) referenced from at_cmd_sys_patch.o(.data)
 <LI><a href="#[15d]">_at_cmd_sys_gmr</a> from at_cmd_sys_patch.o(i._at_cmd_sys_gmr) referenced from at_cmd_sys_patch.o(.data)
 <LI><a href="#[15e]">_at_cmd_sys_gslp</a> from at_cmd_sys_patch.o(i._at_cmd_sys_gslp) referenced from at_cmd_sys_patch.o(.data)
 <LI><a href="#[16c]">_at_cmd_sys_mcupwrsave</a> from at_cmd_sys_patch.o(i._at_cmd_sys_mcupwrsave) referenced from at_cmd_sys_patch.o(.data)
 <LI><a href="#[16d]">_at_cmd_sys_mcustandby</a> from at_cmd_sys_patch.o(i._at_cmd_sys_mcustandby) referenced from at_cmd_sys_patch.o(.data)
 <LI><a href="#[16e]">_at_cmd_sys_ota_svr_start</a> from at_cmd_sys_patch.o(i._at_cmd_sys_ota_svr_start) referenced from at_cmd_sys_patch.o(.data)
 <LI><a href="#[16f]">_at_cmd_sys_ota_svr_stop</a> from at_cmd_sys_patch.o(i._at_cmd_sys_ota_svr_stop) referenced from at_cmd_sys_patch.o(.data)
 <LI><a href="#[164]">_at_cmd_sys_ram</a> from at_cmd_sys_patch.o(i._at_cmd_sys_ram) referenced from at_cmd_sys_patch.o(.data)
 <LI><a href="#[165]">_at_cmd_sys_reg</a> from at_cmd_sys_patch.o(i._at_cmd_sys_reg) referenced from at_cmd_sys_patch.o(.data)
 <LI><a href="#[15f]">_at_cmd_sys_restore</a> from at_cmd_sys_patch.o(i._at_cmd_sys_restore) referenced from at_cmd_sys_patch.o(.data)
 <LI><a href="#[15c]">_at_cmd_sys_rst</a> from at_cmd_sys_patch.o(i._at_cmd_sys_rst) referenced from at_cmd_sys_patch.o(.data)
 <LI><a href="#[168]">_at_cmd_sys_rsv</a> from at_cmd_sys_patch.o(i._at_cmd_sys_rsv) referenced from at_cmd_sys_patch.o(.data)
 <LI><a href="#[163]">_at_cmd_sys_sleep</a> from at_cmd_sys_patch.o(i._at_cmd_sys_sleep) referenced from at_cmd_sys_patch.o(.data)
 <LI><a href="#[166]">_at_cmd_sys_start</a> from at_cmd_sys_patch.o(i._at_cmd_sys_start) referenced from at_cmd_sys_patch.o(.data)
 <LI><a href="#[162]">_at_cmd_sys_uart</a> from at_cmd_sys_patch.o(i._at_cmd_sys_uart) referenced from at_cmd_sys_patch.o(.data)
 <LI><a href="#[160]">_at_cmd_sys_uartcur</a> from at_cmd_sys_patch.o(i._at_cmd_sys_uartcur) referenced from at_cmd_sys_patch.o(.data)
 <LI><a href="#[161]">_at_cmd_sys_uartdef</a> from at_cmd_sys_patch.o(i._at_cmd_sys_uartdef) referenced from at_cmd_sys_patch.o(.data)
 <LI><a href="#[18b]">_at_cmd_tcp</a> from at_cmd_tcpip_patch.o(i._at_cmd_tcp) referenced from at_cmd_tcpip_patch.o(.data)
 <LI><a href="#[178]">_at_cmd_tcpip_cifsr</a> from at_cmd_tcpip_patch.o(i._at_cmd_tcpip_cifsr) referenced from at_cmd_tcpip_patch.o(.data)
 <LI><a href="#[184]">_at_cmd_tcpip_cipap</a> from at_cmd_tcpip_patch.o(i._at_cmd_tcpip_cipap) referenced from at_cmd_tcpip_patch.o(.data)
 <LI><a href="#[177]">_at_cmd_tcpip_cipclose</a> from at_cmd_tcpip_patch.o(i._at_cmd_tcpip_cipclose) referenced from at_cmd_tcpip_patch.o(.data)
 <LI><a href="#[17f]">_at_cmd_tcpip_cipdinfo</a> from at_cmd_tcpip_patch.o(i._at_cmd_tcpip_cipdinfo) referenced from at_cmd_tcpip_patch.o(.data)
 <LI><a href="#[173]">_at_cmd_tcpip_cipdomain</a> from at_cmd_tcpip_patch.o(i._at_cmd_tcpip_cipdomain) referenced from at_cmd_tcpip_patch.o(.data)
 <LI><a href="#[17b]">_at_cmd_tcpip_cipmode</a> from at_cmd_tcpip_patch.o(i._at_cmd_tcpip_cipmode) referenced from at_cmd_tcpip_patch.o(.data)
 <LI><a href="#[179]">_at_cmd_tcpip_cipmux</a> from at_cmd_tcpip_patch.o(i._at_cmd_tcpip_cipmux) referenced from at_cmd_tcpip_patch.o(.data)
 <LI><a href="#[175]">_at_cmd_tcpip_cipsend</a> from at_cmd_tcpip_patch.o(i._at_cmd_tcpip_cipsend) referenced from at_cmd_tcpip_patch.o(.data)
 <LI><a href="#[176]">_at_cmd_tcpip_cipsendex</a> from at_cmd_tcpip_patch.o(i._at_cmd_tcpip_cipsendex) referenced from at_cmd_tcpip_patch.o(.data)
 <LI><a href="#[17a]">_at_cmd_tcpip_cipserver</a> from at_cmd_tcpip_patch.o(i._at_cmd_tcpip_cipserver) referenced from at_cmd_tcpip_patch.o(.data)
 <LI><a href="#[180]">_at_cmd_tcpip_cipsntpcfg</a> from at_cmd_tcpip_patch.o(i._at_cmd_tcpip_cipsntpcfg) referenced from at_cmd_tcpip_patch.o(.data)
 <LI><a href="#[181]">_at_cmd_tcpip_cipsntptime</a> from at_cmd_tcpip_patch.o(i._at_cmd_tcpip_cipsntptime) referenced from at_cmd_tcpip_patch.o(.data)
 <LI><a href="#[183]">_at_cmd_tcpip_cipsta</a> from at_cmd_tcpip_patch.o(i._at_cmd_tcpip_cipsta) referenced from at_cmd_tcpip_patch.o(.data)
 <LI><a href="#[182]">_at_cmd_tcpip_cipstamac</a> from at_cmd_tcpip_patch.o(i._at_cmd_tcpip_cipstamac) referenced from at_cmd_tcpip_patch.o(.data)
 <LI><a href="#[174]">_at_cmd_tcpip_cipstart</a> from at_cmd_tcpip_patch.o(i._at_cmd_tcpip_cipstart) referenced from at_cmd_tcpip_patch.o(.data)
 <LI><a href="#[172]">_at_cmd_tcpip_cipstatus</a> from at_cmd_tcpip_patch.o(i._at_cmd_tcpip_cipstatus) referenced from at_cmd_tcpip_patch.o(.data)
 <LI><a href="#[17d]">_at_cmd_tcpip_cipsto</a> from at_cmd_tcpip_patch.o(i._at_cmd_tcpip_cipsto) referenced from at_cmd_tcpip_patch.o(.data)
 <LI><a href="#[17e]">_at_cmd_tcpip_ciupdate</a> from at_cmd_tcpip_patch.o(i._at_cmd_tcpip_ciupdate) referenced from at_cmd_tcpip_patch.o(.data)
 <LI><a href="#[1a4]">_at_cmd_tcpip_coap_client_delete</a> from at_cmd_tcpip_patch.o(i._at_cmd_tcpip_coap_client_delete) referenced from at_cmd_tcpip_patch.o(.data)
 <LI><a href="#[1a2]">_at_cmd_tcpip_coap_client_get</a> from at_cmd_tcpip_patch.o(i._at_cmd_tcpip_coap_client_get) referenced from at_cmd_tcpip_patch.o(.data)
 <LI><a href="#[1a5]">_at_cmd_tcpip_coap_client_observe</a> from at_cmd_tcpip_patch.o(i._at_cmd_tcpip_coap_client_observe) referenced from at_cmd_tcpip_patch.o(.data)
 <LI><a href="#[1a6]">_at_cmd_tcpip_coap_client_observe_cancel</a> from at_cmd_tcpip_patch.o(i._at_cmd_tcpip_coap_client_observe_cancel) referenced from at_cmd_tcpip_patch.o(.data)
 <LI><a href="#[1a7]">_at_cmd_tcpip_coap_client_observe_show</a> from at_cmd_tcpip_patch.o(i._at_cmd_tcpip_coap_client_observe_show) referenced from at_cmd_tcpip_patch.o(.data)
 <LI><a href="#[1a3]">_at_cmd_tcpip_coap_client_put</a> from at_cmd_tcpip_patch.o(i._at_cmd_tcpip_coap_client_put) referenced from at_cmd_tcpip_patch.o(.data)
 <LI><a href="#[1a0]">_at_cmd_tcpip_coap_client_start</a> from at_cmd_tcpip_patch.o(i._at_cmd_tcpip_coap_client_start) referenced 2 times from at_cmd_tcpip_patch.o(.data)
 <LI><a href="#[1a1]">_at_cmd_tcpip_coap_client_stop</a> from at_cmd_tcpip_patch.o(i._at_cmd_tcpip_coap_client_stop) referenced from at_cmd_tcpip_patch.o(.data)
 <LI><a href="#[19d]">_at_cmd_tcpip_coap_svr_add_service</a> from at_cmd_tcpip_patch.o(i._at_cmd_tcpip_coap_svr_add_service) referenced from at_cmd_tcpip_patch.o(.data)
 <LI><a href="#[19e]">_at_cmd_tcpip_coap_svr_delete_service</a> from at_cmd_tcpip_patch.o(i._at_cmd_tcpip_coap_svr_delete_service) referenced from at_cmd_tcpip_patch.o(.data)
 <LI><a href="#[19f]">_at_cmd_tcpip_coap_svr_show_service</a> from at_cmd_tcpip_patch.o(i._at_cmd_tcpip_coap_svr_show_service) referenced from at_cmd_tcpip_patch.o(.data)
 <LI><a href="#[19b]">_at_cmd_tcpip_coap_svr_start</a> from at_cmd_tcpip_patch.o(i._at_cmd_tcpip_coap_svr_start) referenced from at_cmd_tcpip_patch.o(.data)
 <LI><a href="#[19c]">_at_cmd_tcpip_coap_svr_stop</a> from at_cmd_tcpip_patch.o(i._at_cmd_tcpip_coap_svr_stop) referenced from at_cmd_tcpip_patch.o(.data)
 <LI><a href="#[187]">_at_cmd_tcpip_end</a> from at_cmd_tcpip_patch.o(i._at_cmd_tcpip_end) referenced from at_cmd_tcpip_patch.o(.data)
 <LI><a href="#[1a9]">_at_cmd_tcpip_http_sendreq</a> from at_cmd_tcpip_patch.o(i._at_cmd_tcpip_http_sendreq) referenced from at_cmd_tcpip_patch.o(.data)
 <LI><a href="#[189]">_at_cmd_tcpip_httpdevconf_start</a> from at_cmd_tcpip_patch.o(i._at_cmd_tcpip_httpdevconf_start) referenced from at_cmd_tcpip_patch.o(.data)
 <LI><a href="#[18a]">_at_cmd_tcpip_httpdevconf_stop</a> from at_cmd_tcpip_patch.o(i._at_cmd_tcpip_httpdevconf_stop) referenced from at_cmd_tcpip_patch.o(.data)
 <LI><a href="#[1aa]">_at_cmd_tcpip_https_sendreq</a> from at_cmd_tcpip_patch.o(i._at_cmd_tcpip_https_sendreq) referenced from at_cmd_tcpip_patch.o(.data)
 <LI><a href="#[1ab]">_at_cmd_tcpip_iperf</a> from at_cmd_tcpip_patch.o(i._at_cmd_tcpip_iperf) referenced from at_cmd_tcpip_patch.o(.data)
 <LI><a href="#[1ad]">_at_cmd_tcpip_mdns_add_service</a> from at_cmd_tcpip_patch.o(i._at_cmd_tcpip_mdns_add_service) referenced from at_cmd_tcpip_patch.o(.data)
 <LI><a href="#[1ae]">_at_cmd_tcpip_mdns_del_service</a> from at_cmd_tcpip_patch.o(i._at_cmd_tcpip_mdns_del_service) referenced from at_cmd_tcpip_patch.o(.data)
 <LI><a href="#[1ac]">_at_cmd_tcpip_mdns_start</a> from at_cmd_tcpip_patch.o(i._at_cmd_tcpip_mdns_start) referenced from at_cmd_tcpip_patch.o(.data)
 <LI><a href="#[1af]">_at_cmd_tcpip_mdns_stop</a> from at_cmd_tcpip_patch.o(i._at_cmd_tcpip_mdns_stop) referenced from at_cmd_tcpip_patch.o(.data)
 <LI><a href="#[199]">_at_cmd_tcpip_mqttpublish</a> from at_cmd_tcpip_patch.o(i._at_cmd_tcpip_mqttpublish) referenced from at_cmd_tcpip_patch.o(.data)
 <LI><a href="#[19a]">_at_cmd_tcpip_mqttshowlist</a> from at_cmd_tcpip_patch.o(i._at_cmd_tcpip_mqttshowlist) referenced from at_cmd_tcpip_patch.o(.data)
 <LI><a href="#[197]">_at_cmd_tcpip_mqttsubscribe_start</a> from at_cmd_tcpip_patch.o(i._at_cmd_tcpip_mqttsubscribe_start) referenced from at_cmd_tcpip_patch.o(.data)
 <LI><a href="#[198]">_at_cmd_tcpip_mqttsubscribe_stop</a> from at_cmd_tcpip_patch.o(i._at_cmd_tcpip_mqttsubscribe_stop) referenced from at_cmd_tcpip_patch.o(.data)
 <LI><a href="#[185]">_at_cmd_tcpip_ping</a> from at_cmd_tcpip_patch.o(i._at_cmd_tcpip_ping) referenced from at_cmd_tcpip_patch.o(.data)
 <LI><a href="#[188]">_at_cmd_tcpip_rsv</a> from at_cmd_tcpip_patch.o(i._at_cmd_tcpip_rsv) referenced from at_cmd_tcpip_patch.o(.data)
 <LI><a href="#[17c]">_at_cmd_tcpip_savetranslink</a> from at_cmd_tcpip_patch.o(i._at_cmd_tcpip_savetranslink) referenced from at_cmd_tcpip_patch.o(.data)
 <LI><a href="#[1a8]">_at_cmd_tcpip_sendemail</a> from at_cmd_tcpip_patch.o(i._at_cmd_tcpip_sendemail) referenced from at_cmd_tcpip_patch.o(.data)
 <LI><a href="#[1b5]">_at_cmd_tcpip_set_dns_svr</a> from at_cmd_tcpip_patch.o(i._at_cmd_tcpip_set_dns_svr) referenced from at_cmd_tcpip_patch.o(.data)
 <LI><a href="#[1b4]">_at_cmd_tcpip_show_dns_info</a> from at_cmd_tcpip_patch.o(i._at_cmd_tcpip_show_dns_info) referenced from at_cmd_tcpip_patch.o(.data)
 <LI><a href="#[1b3]">_at_cmd_tcpip_ssdp_send_msearch</a> from at_cmd_tcpip_patch.o(i._at_cmd_tcpip_ssdp_send_msearch) referenced from at_cmd_tcpip_patch.o(.data)
 <LI><a href="#[1b2]">_at_cmd_tcpip_ssdp_show_notice</a> from at_cmd_tcpip_patch.o(i._at_cmd_tcpip_ssdp_show_notice) referenced from at_cmd_tcpip_patch.o(.data)
 <LI><a href="#[1b0]">_at_cmd_tcpip_ssdp_start</a> from at_cmd_tcpip_patch.o(i._at_cmd_tcpip_ssdp_start) referenced from at_cmd_tcpip_patch.o(.data)
 <LI><a href="#[1b1]">_at_cmd_tcpip_ssdp_stop</a> from at_cmd_tcpip_patch.o(i._at_cmd_tcpip_ssdp_stop) referenced from at_cmd_tcpip_patch.o(.data)
 <LI><a href="#[186]">_at_cmd_tcpip_start</a> from at_cmd_tcpip_patch.o(i._at_cmd_tcpip_start) referenced from at_cmd_tcpip_patch.o(.data)
 <LI><a href="#[18e]">_at_cmd_tcpleave</a> from at_cmd_tcpip_patch.o(i._at_cmd_tcpleave) referenced from at_cmd_tcpip_patch.o(.data)
 <LI><a href="#[18d]">_at_cmd_tcplist</a> from at_cmd_tcpip_patch.o(i._at_cmd_tcplist) referenced from at_cmd_tcpip_patch.o(.data)
 <LI><a href="#[18c]">_at_cmd_tcpm</a> from at_cmd_tcpip_patch.o(i._at_cmd_tcpm) referenced from at_cmd_tcpip_patch.o(.data)
 <LI><a href="#[18f]">_at_cmd_tcps</a> from at_cmd_tcpip_patch.o(i._at_cmd_tcps) referenced from at_cmd_tcpip_patch.o(.data)
 <LI><a href="#[191]">_at_cmd_tcpsdis</a> from at_cmd_tcpip_patch.o(i._at_cmd_tcpsdis) referenced from at_cmd_tcpip_patch.o(.data)
 <LI><a href="#[190]">_at_cmd_tcpslist</a> from at_cmd_tcpip_patch.o(i._at_cmd_tcpslist) referenced from at_cmd_tcpip_patch.o(.data)
 <LI><a href="#[193]">_at_cmd_tcpsm</a> from at_cmd_tcpip_patch.o(i._at_cmd_tcpsm) referenced from at_cmd_tcpip_patch.o(.data)
 <LI><a href="#[192]">_at_cmd_tcpsstop</a> from at_cmd_tcpip_patch.o(i._at_cmd_tcpsstop) referenced from at_cmd_tcpip_patch.o(.data)
 <LI><a href="#[1ce]">_at_cmd_tftp_client_buf_show</a> from at_cmd_wifi_patch.o(i._at_cmd_tftp_client_buf_show) referenced from at_cmd_wifi_patch.o(.data)
 <LI><a href="#[1cd]">_at_cmd_tftp_client_get</a> from at_cmd_wifi_patch.o(i._at_cmd_tftp_client_get) referenced from at_cmd_wifi_patch.o(.data)
 <LI><a href="#[1cc]">_at_cmd_tftp_client_put</a> from at_cmd_wifi_patch.o(i._at_cmd_tftp_client_put) referenced from at_cmd_wifi_patch.o(.data)
 <LI><a href="#[196]">_at_cmd_udp</a> from at_cmd_tcpip_patch.o(i._at_cmd_udp) referenced from at_cmd_tcpip_patch.o(.data)
 <LI><a href="#[194]">_at_cmd_udps</a> from at_cmd_tcpip_patch.o(i._at_cmd_udps) referenced from at_cmd_tcpip_patch.o(.data)
 <LI><a href="#[195]">_at_cmd_udpsstop</a> from at_cmd_tcpip_patch.o(i._at_cmd_udpsstop) referenced from at_cmd_tcpip_patch.o(.data)
 <LI><a href="#[1e8]">_at_cmd_wifi_ap_wps_reg_stop</a> from at_cmd_wifi_patch.o(i._at_cmd_wifi_ap_wps_reg_stop) referenced from at_cmd_wifi_patch.o(.data)
 <LI><a href="#[1bf]">_at_cmd_wifi_cwautoconn</a> from at_cmd_wifi_patch.o(i._at_cmd_wifi_cwautoconn) referenced from at_cmd_wifi_patch.o(.data)
 <LI><a href="#[1bd]">_at_cmd_wifi_cwdhcp</a> from at_cmd_wifi_patch.o(i._at_cmd_wifi_cwdhcp) referenced from at_cmd_wifi_patch.o(.data)
 <LI><a href="#[1be]">_at_cmd_wifi_cwdhcps</a> from at_cmd_wifi_patch.o(i._at_cmd_wifi_cwdhcps) referenced from at_cmd_wifi_patch.o(.data)
 <LI><a href="#[1c0]">_at_cmd_wifi_cwfastconn</a> from at_cmd_wifi_patch.o(i._at_cmd_wifi_cwfastconn) referenced from at_cmd_wifi_patch.o(.data)
 <LI><a href="#[1c4]">_at_cmd_wifi_cwhostname</a> from at_cmd_wifi_patch.o(i._at_cmd_wifi_cwhostname) referenced from at_cmd_wifi_patch.o(.data)
 <LI><a href="#[1b7]">_at_cmd_wifi_cwjap</a> from at_cmd_wifi_patch.o(i._at_cmd_wifi_cwjap) referenced from at_cmd_wifi_patch.o(.data)
 <LI><a href="#[1b9]">_at_cmd_wifi_cwlap</a> from at_cmd_wifi_patch.o(i._at_cmd_wifi_cwlap) referenced from at_cmd_wifi_patch.o(.data)
 <LI><a href="#[1b8]">_at_cmd_wifi_cwlapopt</a> from at_cmd_wifi_patch.o(i._at_cmd_wifi_cwlapopt) referenced from at_cmd_wifi_patch.o(.data)
 <LI><a href="#[1bc]">_at_cmd_wifi_cwlif</a> from at_cmd_wifi_patch.o(i._at_cmd_wifi_cwlif) referenced from at_cmd_wifi_patch.o(.data)
 <LI><a href="#[1b6]">_at_cmd_wifi_cwmode</a> from at_cmd_wifi_patch.o(i._at_cmd_wifi_cwmode) referenced from at_cmd_wifi_patch.o(.data)
 <LI><a href="#[1ba]">_at_cmd_wifi_cwqap</a> from at_cmd_wifi_patch.o(i._at_cmd_wifi_cwqap) referenced from at_cmd_wifi_patch.o(.data)
 <LI><a href="#[1c6]">_at_cmd_wifi_cwrec</a> from at_cmd_wifi_patch.o(i._at_cmd_wifi_cwrec) referenced from at_cmd_wifi_patch.o(.data)
 <LI><a href="#[1bb]">_at_cmd_wifi_cwsap</a> from at_cmd_wifi_patch.o(i._at_cmd_wifi_cwsap) referenced from at_cmd_wifi_patch.o(.data)
 <LI><a href="#[1c5]">_at_cmd_wifi_cwscan</a> from at_cmd_wifi_patch.o(i._at_cmd_wifi_cwscan) referenced from at_cmd_wifi_patch.o(.data)
 <LI><a href="#[1c7]">_at_cmd_wifi_cwssta</a> from at_cmd_wifi_patch.o(i._at_cmd_wifi_cwssta) referenced from at_cmd_wifi_patch.o(.data)
 <LI><a href="#[1c1]">_at_cmd_wifi_cwstartsmart</a> from at_cmd_wifi_patch.o(i._at_cmd_wifi_cwstartsmart) referenced from at_cmd_wifi_patch.o(.data)
 <LI><a href="#[1c2]">_at_cmd_wifi_cwstopsmart</a> from at_cmd_wifi_patch.o(i._at_cmd_wifi_cwstopsmart) referenced from at_cmd_wifi_patch.o(.data)
 <LI><a href="#[1e4]">_at_cmd_wifi_easy_setup_start</a> from at_cmd_wifi_patch.o(i._at_cmd_wifi_easy_setup_start) referenced from at_cmd_wifi_patch.o(.data)
 <LI><a href="#[1e5]">_at_cmd_wifi_easy_setup_stop</a> from at_cmd_wifi_patch.o(i._at_cmd_wifi_easy_setup_stop) referenced from at_cmd_wifi_patch.o(.data)
 <LI><a href="#[1c9]">_at_cmd_wifi_end</a> from at_cmd_wifi_patch.o(i._at_cmd_wifi_end) referenced from at_cmd_wifi_patch.o(.data)
 <LI><a href="#[1d0]">_at_cmd_wifi_getrssi</a> from at_cmd_wifi_patch.o(i._at_cmd_wifi_getrssi) referenced from at_cmd_wifi_patch.o(.data)
 <LI><a href="#[1d1]">_at_cmd_wifi_joinap</a> from at_cmd_wifi_patch.o(i._at_cmd_wifi_joinap) referenced from at_cmd_wifi_patch.o(.data)
 <LI><a href="#[1e6]">_at_cmd_wifi_joinap_wps</a> from at_cmd_wifi_patch.o(i._at_cmd_wifi_joinap_wps) referenced from at_cmd_wifi_patch.o(.data)
 <LI><a href="#[1d2]">_at_cmd_wifi_leaveap</a> from at_cmd_wifi_patch.o(i._at_cmd_wifi_leaveap) referenced from at_cmd_wifi_patch.o(.data)
 <LI><a href="#[1e0]">_at_cmd_wifi_p2p_go_start</a> from at_cmd_wifi_patch.o(i._at_cmd_wifi_p2p_go_start) referenced from at_cmd_wifi_patch.o(.data)
 <LI><a href="#[1e1]">_at_cmd_wifi_p2p_go_stop</a> from at_cmd_wifi_patch.o(i._at_cmd_wifi_p2p_go_stop) referenced from at_cmd_wifi_patch.o(.data)
 <LI><a href="#[1df]">_at_cmd_wifi_p2p_scan</a> from at_cmd_wifi_patch.o(i._at_cmd_wifi_p2p_scan) referenced from at_cmd_wifi_patch.o(.data)
 <LI><a href="#[1e2]">_at_cmd_wifi_p2p_wps_reg_start</a> from at_cmd_wifi_patch.o(i._at_cmd_wifi_p2p_wps_reg_start) referenced from at_cmd_wifi_patch.o(.data)
 <LI><a href="#[1e3]">_at_cmd_wifi_p2p_wps_reg_stop</a> from at_cmd_wifi_patch.o(i._at_cmd_wifi_p2p_wps_reg_stop) referenced from at_cmd_wifi_patch.o(.data)
 <LI><a href="#[1ca]">_at_cmd_wifi_rsv</a> from at_cmd_wifi_patch.o(i._at_cmd_wifi_rsv) referenced from at_cmd_wifi_patch.o(.data)
 <LI><a href="#[1db]">_at_cmd_wifi_sntpstart</a> from at_cmd_wifi_patch.o(i._at_cmd_wifi_sntpstart) referenced from at_cmd_wifi_patch.o(.data)
 <LI><a href="#[1dc]">_at_cmd_wifi_sntpstop</a> from at_cmd_wifi_patch.o(i._at_cmd_wifi_sntpstop) referenced from at_cmd_wifi_patch.o(.data)
 <LI><a href="#[1c8]">_at_cmd_wifi_start</a> from at_cmd_wifi_patch.o(i._at_cmd_wifi_start) referenced from at_cmd_wifi_patch.o(.data)
 <LI><a href="#[1d4]">_at_cmd_wifi_startap</a> from at_cmd_wifi_patch.o(i._at_cmd_wifi_startap) referenced from at_cmd_wifi_patch.o(.data)
 <LI><a href="#[1d5]">_at_cmd_wifi_stopap</a> from at_cmd_wifi_patch.o(i._at_cmd_wifi_stopap) referenced from at_cmd_wifi_patch.o(.data)
 <LI><a href="#[1dd]">_at_cmd_wifi_wifi_p2p_connect</a> from at_cmd_wifi_patch.o(i._at_cmd_wifi_wifi_p2p_connect) referenced from at_cmd_wifi_patch.o(.data)
 <LI><a href="#[1de]">_at_cmd_wifi_wifi_p2p_disconnect</a> from at_cmd_wifi_patch.o(i._at_cmd_wifi_wifi_p2p_disconnect) referenced from at_cmd_wifi_patch.o(.data)
 <LI><a href="#[1da]">_at_cmd_wifi_wifidown</a> from at_cmd_wifi_patch.o(i._at_cmd_wifi_wifidown) referenced from at_cmd_wifi_patch.o(.data)
 <LI><a href="#[1d6]">_at_cmd_wifi_wifigettxpwr</a> from at_cmd_wifi_patch.o(i._at_cmd_wifi_wifigettxpwr) referenced from at_cmd_wifi_patch.o(.data)
 <LI><a href="#[1d9]">_at_cmd_wifi_wifiinit</a> from at_cmd_wifi_patch.o(i._at_cmd_wifi_wifiinit) referenced from at_cmd_wifi_patch.o(.data)
 <LI><a href="#[1d8]">_at_cmd_wifi_wifipwrsave</a> from at_cmd_wifi_patch.o(i._at_cmd_wifi_wifipwrsave) referenced from at_cmd_wifi_patch.o(.data)
 <LI><a href="#[1d3]">_at_cmd_wifi_wifiscan</a> from at_cmd_wifi_patch.o(i._at_cmd_wifi_wifiscan) referenced from at_cmd_wifi_patch.o(.data)
 <LI><a href="#[1d7]">_at_cmd_wifi_wifisettxpwr</a> from at_cmd_wifi_patch.o(i._at_cmd_wifi_wifisettxpwr) referenced from at_cmd_wifi_patch.o(.data)
 <LI><a href="#[1cf]">_at_cmd_wifi_wifistatus</a> from at_cmd_wifi_patch.o(i._at_cmd_wifi_wifistatus) referenced from at_cmd_wifi_patch.o(.data)
 <LI><a href="#[1cb]">_at_cmd_wifi_wifiver</a> from at_cmd_wifi_patch.o(i._at_cmd_wifi_wifiver) referenced from at_cmd_wifi_patch.o(.data)
 <LI><a href="#[1c3]">_at_cmd_wifi_wps</a> from at_cmd_wifi_patch.o(i._at_cmd_wifi_wps) referenced from at_cmd_wifi_patch.o(.data)
 <LI><a href="#[1e7]">_at_cmd_wifiscan_wps</a> from at_cmd_wifi_patch.o(i._at_cmd_wifiscan_wps) referenced from at_cmd_wifi_patch.o(.data)
 <LI><a href="#[55]">_at_msg_ext_wifi_connect_patch</a> from at_cmd_msg_ext_patch.o(i._at_msg_ext_wifi_connect_patch) referenced from at_cmd_msg_ext_patch.o(i._at_msg_ext_init)
 <LI><a href="#[58]">_uart1_rx_int_at_data_receive_ble_impl</a> from at_cmd_common_patch.o(i._uart1_rx_int_at_data_receive_ble_impl) referenced from at_cmd_common_patch.o(i.at_cmd_common_func_init_patch)
 <LI><a href="#[59]">_uart1_rx_int_at_data_receive_tcpip_impl</a> from at_cmd_common_patch.o(i._uart1_rx_int_at_data_receive_tcpip_impl) referenced from at_cmd_common_patch.o(i.at_cmd_common_func_init_patch)
 <LI><a href="#[57]">_uart1_rx_int_do_at_impl</a> from at_cmd_common_patch.o(i._uart1_rx_int_do_at_impl) referenced from at_cmd_common_patch.o(i.at_cmd_common_func_init_patch)
 <LI><a href="#[e0]">_wpa_hexdump_patch</a> from wpa_debug_patch.o(i._wpa_hexdump_patch) referenced from wpa_debug_patch.o(i.wpa_debug_func_init_patch)
 <LI><a href="#[4f]">at_cmd_ping_callback</a> from at_cmd_tcpip_patch.o(i.at_cmd_ping_callback) referenced from at_cmd_tcpip_patch.o(i._at_cmd_tcpip_ping)
 <LI><a href="#[5e]">at_compare_rssi</a> from at_cmd_msg_ext_patch.o(i.at_compare_rssi) referenced from at_cmd_msg_ext_patch.o(i.at_msg_ext_wifi_sorting_patch)
 <LI><a href="#[5d]">at_data_tx_task</a> from at_cmd_tcpip_patch.o(i.at_data_tx_task) referenced from at_cmd_tcpip_patch.o(i.at_create_tcpip_tx_task)
 <LI><a href="#[51]">at_msg_ext_wifi_connect_patch</a> from at_cmd_msg_ext_patch.o(i.at_msg_ext_wifi_connect_patch) referenced from at_cmd_msg_ext_patch.o(i._at_msg_ext_init)
 <LI><a href="#[52]">at_msg_ext_wifi_disconnect_patch</a> from at_cmd_msg_ext_patch.o(i.at_msg_ext_wifi_disconnect_patch) referenced from at_cmd_msg_ext_patch.o(i._at_msg_ext_init)
 <LI><a href="#[54]">at_msg_ext_wifi_err_patch</a> from at_cmd_msg_ext_patch.o(i.at_msg_ext_wifi_err_patch) referenced from at_cmd_msg_ext_patch.o(i._at_msg_ext_init)
 <LI><a href="#[53]">at_msg_ext_wifi_get_rssi_patch</a> from at_cmd_msg_ext_patch.o(i.at_msg_ext_wifi_get_rssi_patch) referenced from at_cmd_msg_ext_patch.o(i._at_msg_ext_init)
 <LI><a href="#[50]">at_msg_ext_wifi_scan_patch</a> from at_cmd_msg_ext_patch.o(i.at_msg_ext_wifi_scan_patch) referenced from at_cmd_msg_ext_patch.o(i._at_msg_ext_init)
 <LI><a href="#[56]">at_msg_ext_wifi_sorting_patch</a> from at_cmd_msg_ext_patch.o(i.at_msg_ext_wifi_sorting_patch) referenced from at_cmd_msg_ext_patch.o(i._at_msg_ext_init)
 <LI><a href="#[4e]">at_server_timeout_cb</a> from at_cmd_tcpip_patch.o(i.at_server_timeout_cb) referenced from at_cmd_tcpip_patch.o(i._at_cmd_tcpip_cipsto)
 <LI><a href="#[5f]">at_socket_process_task</a> from at_cmd_tcpip_patch.o(i.at_socket_process_task) referenced from at_cmd_tcpip_patch.o(i.at_socket_client_create_task)
 <LI><a href="#[60]">at_socket_server_listen_task</a> from at_cmd_tcpip_patch.o(i.at_socket_server_listen_task) referenced from at_cmd_tcpip_patch.o(i.at_socket_server_create_task)
 <LI><a href="#[62]">at_task_cmd_process_patch</a> from at_cmd_task_patch.o(i.at_task_cmd_process_patch) referenced from at_cmd_task_patch.o(i.at_task_func_init_patch)
 <LI><a href="#[61]">at_task_create_patch</a> from at_cmd_task_patch.o(i.at_task_create_patch) referenced from at_cmd_task_patch.o(i.at_task_func_init_patch)
 <LI><a href="#[5c]">at_user_wifi_app_entry</a> from at_cmd_app.o(i.at_user_wifi_app_entry) referenced from at_cmd_app.o(i.at_cmd_wifi_hook)
 <LI><a href="#[5b]">at_wifi_event_handler_cb</a> from at_cmd_app.o(i.at_wifi_event_handler_cb) referenced from at_cmd_app.o(.constdata)
 <LI><a href="#[5b]">at_wifi_event_handler_cb</a> from at_cmd_app.o(i.at_wifi_event_handler_cb) referenced from at_cmd_app.o(i.at_cmd_wifi_hook)
 <LI><a href="#[cf]">ccmp_decrypt_impl_v1</a> from ccmp_patch.o(i.ccmp_decrypt_impl_v1) referenced from wifi_mac_patch.o(i.wifi_mac_crypto_func_init_patch)
 <LI><a href="#[d0]">ccmp_encrypt_impl_v1</a> from ccmp_patch.o(i.ccmp_encrypt_impl_v1) referenced from wifi_mac_patch.o(i.wifi_mac_crypto_func_init_patch)
 <LI><a href="#[c4]">controller_wifi_evt_handler_patch</a> from controller_wifi_patch.o(i.controller_wifi_evt_handler_patch) referenced from controller_wifi_patch.o(i.wifi_ctrl_patch_init)
 <LI><a href="#[c6]">controller_wifi_init_patch</a> from controller_wifi_patch.o(i.controller_wifi_init_patch) referenced from controller_wifi_patch.o(i.wifi_ctrl_patch_init)
 <LI><a href="#[65]">diag_task_patch</a> from diag_task_patch.o(i.diag_task_patch) referenced from diag_task_patch.o(i.diag_task_patch_func_init)
 <LI><a href="#[68]">diag_task_send_patch</a> from diag_task_patch.o(i.diag_task_send_patch) referenced from diag_task_patch.o(i.diag_task_patch_func_init)
 <LI><a href="#[69]">etharp_output</a> from symdefs.o(ABSOLUTE) referenced from wlannetif_patch.o(i.ethernetif_init_patch)
 <LI><a href="#[7f]">ethernetif_init_patch</a> from wlannetif_patch.o(i.ethernetif_init_patch) referenced from wlannetif_patch.o(i.lwip_load_interface_wlannetif_patch)
 <LI><a href="#[6a]">ethip6_output</a> from symdefs.o(ABSOLUTE) referenced from wlannetif_patch.o(i.ethernetif_init_patch)
 <LI><a href="#[d2]">ieee80211_rx_frame_patch</a> from wifi_mac_rx_data_patch.o(i.ieee80211_rx_frame_patch) referenced from wifi_mac_rx_data_patch.o(i.wifi_mac_rx_data_func_init_patch)
 <LI><a href="#[7c]">ip_ready_callback_patch</a> from lwip_helper_patch.o(i.ip_ready_callback_patch) referenced from lwip_helper_patch.o(i.lwip_load_interface_lwip_helper_patch)
 <LI><a href="#[7a]">ip_reass_chain_frag_into_datagram_and_validate_patch</a> from ip4_frag_patch.o(i.ip_reass_chain_frag_into_datagram_and_validate_patch) referenced from ip4_frag_patch.o(i.lwip_load_interface_ip4_frag_patch)
 <LI><a href="#[72]">ipc_proc_patch</a> from ipc_patch.o(i.ipc_proc_patch) referenced from ipc_patch.o(i.ipc_patch_init)
 <LI><a href="#[71]">ipc_rb_write_patch</a> from ipc_patch.o(i.ipc_rb_write_patch) referenced from ipc_patch.o(i.ipc_patch_init)
 <LI><a href="#[73]">ipc_wifi_aps_rx_handle_patch</a> from data_flow_patch.o(i.ipc_wifi_aps_rx_handle_patch) referenced from ipc_patch.o(i.ipc_patch_init)
 <LI><a href="#[7e]">low_level_input_patch</a> from wlannetif_patch.o(i.low_level_input_patch) referenced from wlannetif_patch.o(i.lwip_load_interface_wlannetif_patch)
 <LI><a href="#[6b]">low_level_output</a> from symdefs.o(ABSOLUTE) referenced from wlannetif_patch.o(i.ethernetif_init_patch)
 <LI><a href="#[7d]">lwip_net_ready_patch</a> from lwip_helper_patch.o(i.lwip_net_ready_patch) referenced from lwip_helper_patch.o(i.lwip_load_interface_lwip_helper_patch)
 <LI><a href="#[7b]">lwip_network_init_patch</a> from lwip_helper_patch.o(i.lwip_network_init_patch) referenced from lwip_helper_patch.o(i.lwip_load_interface_lwip_helper_patch)
 <LI><a href="#[b8]">nl_aes_ccm_patch</a> from scrt_patch.o(i.nl_aes_ccm_patch) referenced from scrt_patch.o(i.scrt_drv_func_init_patch)
 <LI><a href="#[ba]">nl_hmac_sha_1_patch</a> from scrt_patch.o(i.nl_hmac_sha_1_patch) referenced from scrt_patch.o(i.scrt_drv_func_init_patch)
 <LI><a href="#[b9]">nl_scrt_aes_ccm_patch</a> from scrt_patch.o(i.nl_scrt_aes_ccm_patch) referenced from scrt_patch.o(i.scrt_drv_func_init_patch)
 <LI><a href="#[bb]">nl_scrt_aes_ecb_patch</a> from scrt_patch.o(i.nl_scrt_aes_ecb_patch) referenced from scrt_patch.o(i.scrt_drv_func_init_patch)
 <LI><a href="#[be]">nl_scrt_ecdh_dhkey_gen_impl</a> from scrt_patch.o(i.nl_scrt_ecdh_dhkey_gen_impl) referenced from scrt_patch.o(i.scrt_drv_func_init_patch)
 <LI><a href="#[bd]">nl_scrt_ecdh_key_pair_gen_impl</a> from scrt_patch.o(i.nl_scrt_ecdh_key_pair_gen_impl) referenced from scrt_patch.o(i.scrt_drv_func_init_patch)
 <LI><a href="#[b7]">nl_scrt_init_patch</a> from scrt_patch.o(i.nl_scrt_init_patch) referenced from scrt_patch.o(i.scrt_drv_func_init_patch)
 <LI><a href="#[bf]">nl_scrt_key_delete_impl</a> from scrt_patch.o(i.nl_scrt_key_delete_impl) referenced from scrt_patch.o(i.scrt_drv_func_init_patch)
 <LI><a href="#[bc]">nl_scrt_otp_status_get_impl</a> from scrt_patch.o(i.nl_scrt_otp_status_get_impl) referenced from scrt_patch.o(i.scrt_drv_func_init_patch)
 <LI><a href="#[80]">osKernelRestart</a> from freertos_cmsis_patch.o(i.osKernelRestart) referenced from cmsis_os_patch_init.o(i.os_patch_init)
 <LI><a href="#[9e]">ps_adjust_tick_patch</a> from ps_task_patch.o(i.ps_adjust_tick_patch) referenced from ps_task_patch.o(i.ps_patch_init)
 <LI><a href="#[9c]">ps_early_wakeup_callback</a> from ps.o(i.ps_early_wakeup_callback) referenced from ps.o(i.ps_early_wakeup_enable)
 <LI><a href="#[9d]">ps_task_create_patch</a> from ps_task_patch.o(i.ps_task_create_patch) referenced from ps_task_patch.o(i.ps_patch_init)
 <LI><a href="#[fd]">ps_task_patch</a> from ps_task_patch.o(i.ps_task_patch) referenced from ps_task_patch.o(.constdata)
 <LI><a href="#[d1]">rx_data_frame_patch</a> from wifi_mac_rx_data_patch.o(i.rx_data_frame_patch) referenced from wifi_mac_rx_data_patch.o(i.wifi_mac_rx_data_func_init_patch)
 <LI><a href="#[9f]">rx_data_reasm_timeout_handle</a> from wifi_mac_rx_data_patch.o(i.rx_data_reasm_timeout_handle) referenced from wifi_mac_rx_data_patch.o(i.rx_data_reasm_tmr_start)
 <LI><a href="#[a9]">scrt_asset_delete_impl</a> from scrt_patch.o(i.scrt_asset_delete_impl) referenced from scrt_patch.o(i.scrt_drv_func_init_patch)
 <LI><a href="#[ab]">scrt_asset_get_impl</a> from scrt_patch.o(i.scrt_asset_get_impl) referenced from scrt_patch.o(i.scrt_drv_func_init_patch)
 <LI><a href="#[aa]">scrt_asset_load_impl</a> from scrt_patch.o(i.scrt_asset_load_impl) referenced from scrt_patch.o(i.scrt_drv_func_init_patch)
 <LI><a href="#[a5]">scrt_ecdh_key_param_init_impl</a> from scrt_patch.o(i.scrt_ecdh_key_param_init_impl) referenced from scrt_patch.o(i.scrt_drv_func_init_patch)
 <LI><a href="#[b2]">scrt_ecdh_lock_impl</a> from scrt_patch.o(i.scrt_ecdh_lock_impl) referenced from scrt_patch.o(i.scrt_drv_func_init_patch)
 <LI><a href="#[a6]">scrt_ecdh_priv_key_asset_create_impl</a> from scrt_patch.o(i.scrt_ecdh_priv_key_asset_create_impl) referenced from scrt_patch.o(i.scrt_drv_func_init_patch)
 <LI><a href="#[a7]">scrt_ecdh_pub_key_asset_create_impl</a> from scrt_patch.o(i.scrt_ecdh_pub_key_asset_create_impl) referenced from scrt_patch.o(i.scrt_drv_func_init_patch)
 <LI><a href="#[a8]">scrt_ecdh_shared_secret_asset_create_impl</a> from scrt_patch.o(i.scrt_ecdh_shared_secret_asset_create_impl) referenced from scrt_patch.o(i.scrt_drv_func_init_patch)
 <LI><a href="#[b3]">scrt_ecdh_unlock_impl</a> from scrt_patch.o(i.scrt_ecdh_unlock_impl) referenced from scrt_patch.o(i.scrt_drv_func_init_patch)
 <LI><a href="#[a3]">scrt_eng_init_impl</a> from scrt_patch.o(i.scrt_eng_init_impl) referenced from scrt_patch.o(i.scrt_drv_func_init_patch)
 <LI><a href="#[ad]">scrt_internal_reset_impl</a> from scrt_patch.o(i.scrt_internal_reset_impl) referenced from scrt_patch.o(i.scrt_drv_func_init_patch)
 <LI><a href="#[ae]">scrt_link_impl</a> from scrt_patch.o(i.scrt_link_impl) referenced from scrt_patch.o(i.scrt_drv_func_init_patch)
 <LI><a href="#[a1]">scrt_mb_init_impl</a> from scrt_patch.o(i.scrt_mb_init_impl) referenced from scrt_patch.o(i.scrt_drv_func_init_patch)
 <LI><a href="#[a0]">scrt_param_init_impl</a> from scrt_patch.o(i.scrt_param_init_impl) referenced from scrt_patch.o(i.scrt_drv_func_init_patch)
 <LI><a href="#[b5]">scrt_res_alloc_impl</a> from scrt_patch.o(i.scrt_res_alloc_impl) referenced from scrt_patch.o(i.scrt_drv_func_init_patch)
 <LI><a href="#[b6]">scrt_res_free_impl</a> from scrt_patch.o(i.scrt_res_free_impl) referenced from scrt_patch.o(i.scrt_drv_func_init_patch)
 <LI><a href="#[b0]">scrt_res_lock_impl</a> from scrt_patch.o(i.scrt_res_lock_impl) referenced from scrt_patch.o(i.scrt_drv_func_init_patch)
 <LI><a href="#[b1]">scrt_res_unlock_impl</a> from scrt_patch.o(i.scrt_res_unlock_impl) referenced from scrt_patch.o(i.scrt_drv_func_init_patch)
 <LI><a href="#[ac]">scrt_reset_impl</a> from scrt_patch.o(i.scrt_reset_impl) referenced from scrt_patch.o(i.scrt_drv_func_init_patch)
 <LI><a href="#[b4]">scrt_sem_create_impl</a> from scrt_patch.o(i.scrt_sem_create_impl) referenced from scrt_patch.o(i.scrt_drv_func_init_patch)
 <LI><a href="#[a4]">scrt_status_chk_impl</a> from scrt_patch.o(i.scrt_status_chk_impl) referenced from scrt_patch.o(i.scrt_drv_func_init_patch)
 <LI><a href="#[a2]">scrt_trng_init_impl</a> from scrt_patch.o(i.scrt_trng_init_impl) referenced from scrt_patch.o(i.scrt_drv_func_init_patch)
 <LI><a href="#[af]">scrt_unlink_impl</a> from scrt_patch.o(i.scrt_unlink_impl) referenced from scrt_patch.o(i.scrt_drv_func_init_patch)
 <LI><a href="#[5a]">set_echo_on_impl</a> from at_cmd_common_patch.o(i.set_echo_on_impl) referenced from at_cmd_common_patch.o(i.at_cmd_common_func_init_patch)
 <LI><a href="#[c3]">sntp_dns_found</a> from sntp_client.o(i.sntp_dns_found) referenced from sntp_client.o(i.sntp_request)
 <LI><a href="#[c0]">sntp_recv</a> from sntp_client.o(i.sntp_recv) referenced from sntp_client.o(i.sntp_init)
 <LI><a href="#[c2]">sntp_request</a> from sntp_client.o(i.sntp_request) referenced from sntp_client.o(i.sntp_recv)
 <LI><a href="#[c2]">sntp_request</a> from sntp_client.o(i.sntp_request) referenced from sntp_client.o(i.sntp_retry)
 <LI><a href="#[c2]">sntp_request</a> from sntp_client.o(i.sntp_request) referenced from sntp_client.o(i.sntp_send_request)
 <LI><a href="#[c2]">sntp_request</a> from sntp_client.o(i.sntp_request) referenced from sntp_client.o(i.sntp_stop)
 <LI><a href="#[c1]">sntp_retry</a> from sntp_client.o(i.sntp_retry) referenced from sntp_client.o(i.sntp_recv)
 <LI><a href="#[c1]">sntp_retry</a> from sntp_client.o(i.sntp_retry) referenced from sntp_client.o(i.sntp_request)
 <LI><a href="#[c1]">sntp_retry</a> from sntp_client.o(i.sntp_retry) referenced from sntp_client.o(i.sntp_send_request)
 <LI><a href="#[c1]">sntp_retry</a> from sntp_client.o(i.sntp_retry) referenced from sntp_client.o(i.sntp_stop)
 <LI><a href="#[fc]">supplicant_task_evt_handle_patch</a> from supplicant_task_patch.o(i.supplicant_task_evt_handle_patch) referenced from supplicant_task_patch.o(i.wpa_supplicant_task_func_init_patch)
 <LI><a href="#[d5]">tkip_decrypt_patch</a> from tkip_patch.o(i.tkip_decrypt_patch) referenced from tkip_patch.o(i.wifi_mac_tkip_patch_init)
 <LI><a href="#[d6]">tkip_mic_check_patch</a> from tkip_patch.o(i.tkip_mic_check_patch) referenced from tkip_patch.o(i.wifi_mac_tkip_patch_init)
 <LI><a href="#[49]">tracer_msg_patch</a> from msg_patch.o(i.tracer_msg_patch) referenced from msg_patch.o(i.Tracer_PatchInit)
 <LI><a href="#[41]">uartdbg_rx_int_patch_handler</a> from diag_task_patch.o(i.uartdbg_rx_int_patch_handler) referenced from sys_init_patch.o(i.Main_DriverInit_patch)
 <LI><a href="#[79]">vendor_specific_send_control_pdu_event_handler_patch</a> from le_ctrl_hci_handler_patch.o(i.vendor_specific_send_control_pdu_event_handler_patch) referenced from le_ctrl_func_map_patch.o(i.le_ctrl_pre_patch_init)
 <LI><a href="#[c5]">wifi_cmd_tout_handle_patch</a> from controller_wifi_patch.o(i.wifi_cmd_tout_handle_patch) referenced from controller_wifi_patch.o(i.wifi_ctrl_patch_init)
 <LI><a href="#[63]">wifi_ctrl_cmd_tout</a> from symdefs.o(ABSOLUTE) referenced from controller_wifi_patch.o(i.controller_wifi_init_patch)
 <LI><a href="#[cc]">wifi_event_loop_task</a> from event_loop.o(i.wifi_event_loop_task) referenced from event_loop.o(i.wifi_event_loop_init)
 <LI><a href="#[cd]">wifi_event_sta_connected_handler</a> from wifi_event_handler.o(i.wifi_event_sta_connected_handler) referenced from wifi_event_handler.o(i.wifi_install_default_event_handlers)
 <LI><a href="#[ce]">wifi_event_sta_disconnected_handler</a> from wifi_event_handler.o(i.wifi_event_sta_disconnected_handler) referenced from wifi_event_handler.o(i.wifi_install_default_event_handlers)
 <LI><a href="#[cb]">wifi_get_ac_result_patch</a> from controller_wifi_patch.o(i.wifi_get_ac_result_patch) referenced from controller_wifi_patch.o(i.wifi_ctrl_patch_init)
 <LI><a href="#[d4]">wifi_mac_rx_done_handler_patch</a> from wifi_mac_task_patch.o(i.wifi_mac_rx_done_handler_patch) referenced from wifi_mac_task_patch.o(i.wifi_mac_task_func_init_patch)
 <LI><a href="#[d3]">wifi_mac_task_patch</a> from wifi_mac_task_patch.o(i.wifi_mac_task_patch) referenced from wifi_mac_task_patch.o(i.wifi_mac_task_func_init_patch)
 <LI><a href="#[6c]">wifi_rx_callback</a> from symdefs.o(ABSOLUTE) referenced from wlannetif_patch.o(i.ethernetif_init_patch)
 <LI><a href="#[c9]">wifi_sta_get_scan_idx_patch</a> from controller_wifi_patch.o(i.wifi_sta_get_scan_idx_patch) referenced from controller_wifi_patch.o(i.wifi_ctrl_patch_init)
 <LI><a href="#[ca]">wifi_sta_join_fast_patch</a> from controller_wifi_patch.o(i.wifi_sta_join_fast_patch) referenced from controller_wifi_patch.o(i.wifi_ctrl_patch_init)
 <LI><a href="#[c8]">wifi_sta_join_patch</a> from controller_wifi_patch.o(i.wifi_sta_join_patch) referenced from controller_wifi_patch.o(i.wifi_ctrl_patch_init)
 <LI><a href="#[6d]">wifi_tx_callback</a> from symdefs.o(ABSOLUTE) referenced from wlannetif_patch.o(i.ethernetif_init_patch)
 <LI><a href="#[6e]">wlan_input</a> from wlannetif_patch.o(i.wlan_input) referenced from wlannetif_patch.o(i.ethernetif_init_patch)
 <LI><a href="#[f6]">wpa_alloc_eapol_patch</a> from wpa_patch.o(i.wpa_alloc_eapol_patch) referenced from wpa_patch.o(i.wpa_func_init_patch)
 <LI><a href="#[da]">wpa_cli_cmd_handler_patch</a> from wpa_cli_patch.o(i.wpa_cli_cmd_handler_patch) referenced from wpa_cli_patch.o(i.wpa_cli_func_init_patch)
 <LI><a href="#[d9]">wpa_cli_connect_handler_patch</a> from wpa_cli_patch.o(i.wpa_cli_connect_handler_patch) referenced from wpa_cli_patch.o(i.wpa_cli_func_init_patch)
 <LI><a href="#[db]">wpa_cli_getrssi_patch</a> from wpa_cli_patch.o(i.wpa_cli_getrssi_patch) referenced from wpa_cli_patch.o(i.wpa_cli_func_init_patch)
 <LI><a href="#[dc]">wpa_cli_scan_handler_patch</a> from wpa_cli_patch.o(i.wpa_cli_scan_handler_patch) referenced from wpa_cli_patch.o(i.wpa_cli_func_init_patch)
 <LI><a href="#[d8]">wpa_cli_showscanresults_handler_patch</a> from wpa_cli_patch.o(i.wpa_cli_showscanresults_handler_patch) referenced from wpa_cli_patch.o(i.wpa_cli_func_init_patch)
 <LI><a href="#[f8]">wpa_derive_ptk_patch</a> from wpa_patch.o(i.wpa_derive_ptk_patch) referenced from wpa_patch.o(i.wpa_func_init_patch)
 <LI><a href="#[e7]">wpa_driver_netlink_fast_connect_patch</a> from driver_netlink_patch.o(i.wpa_driver_netlink_fast_connect_patch) referenced from driver_netlink_patch.o(i.wpa_driver_func_init_patch)
 <LI><a href="#[e1]">wpa_driver_netlink_get_scan_results_patch</a> from driver_netlink_patch.o(i.wpa_driver_netlink_get_scan_results_patch) referenced from driver_netlink_patch.o(i.wpa_driver_func_init_patch)
 <LI><a href="#[e5]">wpa_driver_netlink_get_ssid_patch</a> from driver_netlink_patch.o(i.wpa_driver_netlink_get_ssid_patch) referenced from driver_netlink_patch.o(i.wpa_driver_func_init_patch)
 <LI><a href="#[e6]">wpa_driver_netlink_scan_patch</a> from driver_netlink_patch.o(i.wpa_driver_netlink_scan_patch) referenced from driver_netlink_patch.o(i.wpa_driver_func_init_patch)
 <LI><a href="#[e3]">wpa_driver_netlink_scan_results_clear_patch</a> from driver_netlink_patch.o(i.wpa_driver_netlink_scan_results_clear_patch) referenced from driver_netlink_patch.o(i.wpa_driver_func_init_patch)
 <LI><a href="#[e2]">wpa_driver_netlink_show_scan_results_patch</a> from driver_netlink_patch.o(i.wpa_driver_netlink_show_scan_results_patch) referenced from driver_netlink_patch.o(i.wpa_driver_func_init_patch)
 <LI><a href="#[e4]">wpa_drv_send_eapol_patch</a> from driver_netlink_patch.o(i.wpa_drv_send_eapol_patch) referenced from driver_netlink_patch.o(i.wpa_driver_func_init_patch)
 <LI><a href="#[ec]">wpa_eapol_key_dump_patch</a> from wpa_patch.o(i.wpa_eapol_key_dump_patch) referenced from wpa_patch.o(i.wpa_func_init_patch)
 <LI><a href="#[de]">wpa_eapol_key_mic_patch</a> from wpa_common_patch.o(i.wpa_eapol_key_mic_patch) referenced from wpa_common_patch.o(i.wpa_common_func_init_patch)
 <LI><a href="#[f2]">wpa_eapol_key_send_patch</a> from wpa_patch.o(i.wpa_eapol_key_send_patch) referenced from wpa_patch.o(i.wpa_func_init_patch)
 <LI><a href="#[f7]">wpa_ether_send_patch</a> from wpa_patch.o(i.wpa_ether_send_patch) referenced from wpa_patch.o(i.wpa_func_init_patch)
 <LI><a href="#[df]">wpa_hexdump_patch</a> from wpa_debug_patch.o(i.wpa_hexdump_patch) referenced from wpa_debug_patch.o(i.wpa_debug_func_init_patch)
 <LI><a href="#[f9]">wpa_parse_generic_patch</a> from wpa_ie_patch.o(i.wpa_parse_generic_patch) referenced from wpa_ie_patch.o(i.wpa_ie_func_init_patch)
 <LI><a href="#[dd]">wpa_pmk_to_ptk_patch</a> from wpa_common_patch.o(i.wpa_pmk_to_ptk_patch) referenced from wpa_common_patch.o(i.wpa_common_func_init_patch)
 <LI><a href="#[d7]">wpa_set_wpa_mode_impl</a> from wpa_at_if.o(i.wpa_set_wpa_mode_impl) referenced from wpa_at_if.o(i.wpa_at_if_func_init)
 <LI><a href="#[f1]">wpa_sm_rx_eapol_patch</a> from wpa_patch.o(i.wpa_sm_rx_eapol_patch) referenced from wpa_patch.o(i.wpa_func_init_patch)
 <LI><a href="#[ee]">wpa_sm_set_ap_rsn_ie_patch</a> from wpa_patch.o(i.wpa_sm_set_ap_rsn_ie_patch) referenced from wpa_patch.o(i.wpa_func_init_patch)
 <LI><a href="#[ef]">wpa_sm_set_ap_wpa_ie_patch</a> from wpa_patch.o(i.wpa_sm_set_ap_wpa_ie_patch) referenced from wpa_patch.o(i.wpa_func_init_patch)
 <LI><a href="#[ed]">wpa_sm_set_assoc_wpa_ie_patch</a> from wpa_patch.o(i.wpa_sm_set_assoc_wpa_ie_patch) referenced from wpa_patch.o(i.wpa_func_init_patch)
 <LI><a href="#[6f]">wpa_supplicant_event_assoc_patch</a> from events_netlink_patch.o(i.wpa_supplicant_event_assoc_patch) referenced from events_netlink_patch.o(i.events_netlink_func_init_patch)
 <LI><a href="#[70]">wpa_supplicant_event_eapol_rx_patch</a> from events_netlink_patch.o(i.wpa_supplicant_event_eapol_rx_patch) referenced from events_netlink_patch.o(i.events_netlink_func_init_patch)
 <LI><a href="#[f5]">wpa_supplicant_install_gtk_patch</a> from wpa_patch.o(i.wpa_supplicant_install_gtk_patch) referenced from wpa_patch.o(i.wpa_func_init_patch)
 <LI><a href="#[f4]">wpa_supplicant_install_ptk_patch</a> from wpa_patch.o(i.wpa_supplicant_install_ptk_patch) referenced from wpa_patch.o(i.wpa_func_init_patch)
 <LI><a href="#[fb]">wpa_supplicant_parse_ies_patch</a> from wpa_supplicant_patch.o(i.wpa_supplicant_parse_ies_patch) referenced from wpa_supplicant_patch.o(i.wpa_supplicant_func_init_patch)
 <LI><a href="#[e8]">wpa_supplicant_process_1_of_4_patch</a> from wpa_patch.o(i.wpa_supplicant_process_1_of_4_patch) referenced from wpa_patch.o(i.wpa_func_init_patch)
 <LI><a href="#[ea]">wpa_supplicant_process_3_of_4_patch</a> from wpa_patch.o(i.wpa_supplicant_process_3_of_4_patch) referenced from wpa_patch.o(i.wpa_func_init_patch)
 <LI><a href="#[fa]">wpa_supplicant_rx_eapol_netlink_patch</a> from wpa_supplicant_patch.o(i.wpa_supplicant_rx_eapol_netlink_patch) referenced from wpa_supplicant_patch.o(i.wpa_supplicant_func_init_patch)
 <LI><a href="#[e9]">wpa_supplicant_send_2_of_4_patch</a> from wpa_patch.o(i.wpa_supplicant_send_2_of_4_patch) referenced from wpa_patch.o(i.wpa_func_init_patch)
 <LI><a href="#[eb]">wpa_supplicant_send_4_of_4_patch</a> from wpa_patch.o(i.wpa_supplicant_send_4_of_4_patch) referenced from wpa_patch.o(i.wpa_func_init_patch)
 <LI><a href="#[f3]">wpa_supplicant_validate_ie_patch</a> from wpa_patch.o(i.wpa_supplicant_validate_ie_patch) referenced from wpa_patch.o(i.wpa_func_init_patch)
 <LI><a href="#[f0]">wpa_supplicant_verify_eapol_key_mic_patch</a> from wpa_patch.o(i.wpa_supplicant_verify_eapol_key_mic_patch) referenced from wpa_patch.o(i.wpa_func_init_patch)
</UL>
<P>
<H3>
Global Symbols
</H3>
<P><STRONG><a name="[3e9]"></a>__rt_ctype_table</STRONG> (Thumb, 0 bytes, Stack size 0 bytes, symdefs.o(ABSOLUTE))
<BR><BR>[Called By]<UL><LI><a href="#[3e8]">&gt;&gt;</a>&nbsp;&nbsp;&nbsp;isMAC_
</UL>

<P><STRONG><a name="[1f1]"></a>tolower</STRONG> (Thumb, 0 bytes, Stack size 0 bytes, symdefs.o(ABSOLUTE), UNUSED)
<BR><BR>[Called By]<UL><LI><a href="#[1f0]">&gt;&gt;</a>&nbsp;&nbsp;&nbsp;strcasecmp
</UL>

<P><STRONG><a name="[300]"></a>__aeabi_memcpy</STRONG> (Thumb, 0 bytes, Stack size 0 bytes, symdefs.o(ABSOLUTE))
<BR><BR>[Called By]<UL><LI><a href="#[3d0]">&gt;&gt;</a>&nbsp;&nbsp;&nbsp;wifi_event_loop_send
<LI><a href="#[393]">&gt;&gt;</a>&nbsp;&nbsp;&nbsp;auto_connect_add_queue
<LI><a href="#[405]">&gt;&gt;</a>&nbsp;&nbsp;&nbsp;rx_data_reasm
<LI><a href="#[d0]">&gt;&gt;</a>&nbsp;&nbsp;&nbsp;ccmp_encrypt_impl_v1
<LI><a href="#[68]">&gt;&gt;</a>&nbsp;&nbsp;&nbsp;diag_task_send_patch
<LI><a href="#[bd]">&gt;&gt;</a>&nbsp;&nbsp;&nbsp;nl_scrt_ecdh_key_pair_gen_impl
<LI><a href="#[be]">&gt;&gt;</a>&nbsp;&nbsp;&nbsp;nl_scrt_ecdh_dhkey_gen_impl
<LI><a href="#[bb]">&gt;&gt;</a>&nbsp;&nbsp;&nbsp;nl_scrt_aes_ecb_patch
<LI><a href="#[b9]">&gt;&gt;</a>&nbsp;&nbsp;&nbsp;nl_scrt_aes_ccm_patch
<LI><a href="#[ba]">&gt;&gt;</a>&nbsp;&nbsp;&nbsp;nl_hmac_sha_1_patch
<LI><a href="#[d5]">&gt;&gt;</a>&nbsp;&nbsp;&nbsp;tkip_decrypt_patch
<LI><a href="#[3ce]">&gt;&gt;</a>&nbsp;&nbsp;&nbsp;ccmp_aad_nonce_patch_v1
<LI><a href="#[3b]">&gt;&gt;</a>&nbsp;&nbsp;&nbsp;LeSmpHandlePairingPublicKey_Patch
<LI><a href="#[38b]">&gt;&gt;</a>&nbsp;&nbsp;&nbsp;_at_msg_ext_wifi_show_one_ap_patch
<LI><a href="#[38f]">&gt;&gt;</a>&nbsp;&nbsp;&nbsp;at_data_task_send
<LI><a href="#[7e]">&gt;&gt;</a>&nbsp;&nbsp;&nbsp;low_level_input_patch
<LI><a href="#[6f]">&gt;&gt;</a>&nbsp;&nbsp;&nbsp;wpa_supplicant_event_assoc_patch
<LI><a href="#[d9]">&gt;&gt;</a>&nbsp;&nbsp;&nbsp;wpa_cli_connect_handler_patch
<LI><a href="#[e5]">&gt;&gt;</a>&nbsp;&nbsp;&nbsp;wpa_driver_netlink_get_ssid_patch
<LI><a href="#[439]">&gt;&gt;</a>&nbsp;&nbsp;&nbsp;wifi_set_config
<LI><a href="#[431]">&gt;&gt;</a>&nbsp;&nbsp;&nbsp;wifi_get_config
<LI><a href="#[429]">&gt;&gt;</a>&nbsp;&nbsp;&nbsp;wifi_connection_connect
<LI><a href="#[f5]">&gt;&gt;</a>&nbsp;&nbsp;&nbsp;wpa_supplicant_install_gtk_patch
<LI><a href="#[f8]">&gt;&gt;</a>&nbsp;&nbsp;&nbsp;wpa_derive_ptk_patch
</UL>

<P><STRONG><a name="[246]"></a>__aeabi_memcpy4</STRONG> (Thumb, 0 bytes, Stack size 0 bytes, symdefs.o(ABSOLUTE))
<BR><BR>[Called By]<UL><LI><a href="#[313]">&gt;&gt;</a>&nbsp;&nbsp;&nbsp;auto_connect_init
<LI><a href="#[409]">&gt;&gt;</a>&nbsp;&nbsp;&nbsp;set_auto_connect_info
<LI><a href="#[37c]">&gt;&gt;</a>&nbsp;&nbsp;&nbsp;get_auto_connect_info
<LI><a href="#[391]">&gt;&gt;</a>&nbsp;&nbsp;&nbsp;add_auto_connect_list
<LI><a href="#[393]">&gt;&gt;</a>&nbsp;&nbsp;&nbsp;auto_connect_add_queue
<LI><a href="#[389]">&gt;&gt;</a>&nbsp;&nbsp;&nbsp;wifi_scan_get_ap_records
<LI><a href="#[3b3]">&gt;&gt;</a>&nbsp;&nbsp;&nbsp;wifi_scan_get_ap_list
<LI><a href="#[50]">&gt;&gt;</a>&nbsp;&nbsp;&nbsp;at_msg_ext_wifi_scan_patch
<LI><a href="#[4f]">&gt;&gt;</a>&nbsp;&nbsp;&nbsp;at_cmd_ping_callback
[...]
</UL>
<BR>[Calls]<UL><LI><a href="#[3f4]">&gt;&gt;</a>&nbsp;&nbsp;&nbsp;WPA_PUT_LE32
<LI><a href="#[3f3]">&gt;&gt;</a>&nbsp;&nbsp;&nbsp;WPA_GET_LE32
</UL>
<BR>[Called By]<UL><LI><a href="#[d6]">&gt;&gt;</a>&nbsp;&nbsp;&nbsp;tkip_mic_check_patch
</UL>

<P><STRONG><a name="[41c]"></a>michael_mic_hdr</STRONG> (Thumb, 136 bytes, Stack size 12 bytes, tkip_patch.o(i.michael_mic_hdr))
<BR><BR>[Stack]<UL><LI>Max Depth = 12<LI>Call Chain = michael_mic_hdr
</UL>
<BR>[Called By]<UL><LI><a href="#[d6]">&gt;&gt;</a>&nbsp;&nbsp;&nbsp;tkip_mic_check_patch
</UL>

<P><STRONG><a name="[418]"></a>tkip_mixing_phase1</STRONG> (Thumb, 180 bytes, Stack size 24 bytes, tkip_patch.o(i.tkip_mixing_phase1))
<BR><BR>[Stack]<UL><LI>Max Depth = 24<LI>Call Chain = tkip_mixing_phase1
</UL>
<BR>[Calls]<UL><LI><a href="#[41d]">&gt;&gt;</a>&nbsp;&nbsp;&nbsp;_S_
</UL>
<BR>[Called By]<UL><LI><a href="#[d5]">&gt;&gt;</a>&nbsp;&nbsp;&nbsp;tkip_decrypt_patch
</UL>

<P><STRONG><a name="[419]"></a>tkip_mixing_phase2</STRONG> (Thumb, 282 bytes, Stack size 48 bytes, tkip_patch.o(i.tkip_mixing_phase2))
<BR><BR>[Stack]<UL><LI>Max Depth = 48<LI>Call Chain = tkip_mixing_phase2
</UL>
<BR>[Calls]<UL><LI><a href="#[41d]">&gt;&gt;</a>&nbsp;&nbsp;&nbsp;_S_
<LI><a href="#[41f]">&gt;&gt;</a>&nbsp;&nbsp;&nbsp;WPA_PUT_LE16
<LI><a href="#[41e]">&gt;&gt;</a>&nbsp;&nbsp;&nbsp;RotR1
</UL>
<BR>[Called By]<UL><LI><a href="#[d5]">&gt;&gt;</a>&nbsp;&nbsp;&nbsp;tkip_decrypt_patch
</UL>

<P><STRONG><a name="[223]"></a>Cmd_TokenParse</STRONG> (Thumb, 56 bytes, Stack size 24 bytes, at_cmd_sys_patch.o(i.Cmd_TokenParse))
<BR><BR>[Stack]<UL><LI>Max Depth = 24<LI>Call Chain = Cmd_TokenParse
</UL>
<BR>[Calls]<UL><LI><a href="#[224]">&gt;&gt;</a>&nbsp;&nbsp;&nbsp;strtok
</UL>
<BR>[Called By]<UL><LI><a href="#[170]">&gt;&gt;</a>&nbsp;&nbsp;&nbsp;_at_cmd_sys_dbg_uart_ctrl
<LI><a href="#[348]">&gt;&gt;</a>&nbsp;&nbsp;&nbsp;_at_cmd_sys_internal_uart_config_parse
</UL>

<P><STRONG><a name="[34c]"></a>_at_cmd_sys_internal_uart_config_output</STRONG> (Thumb, 150 bytes, Stack size 40 bytes, at_cmd_sys_patch.o(i._at_cmd_sys_internal_uart_config_output))
<BR><BR>[Stack]<UL><LI>Max Depth = 40<LI>Call Chain = _at_cmd_sys_internal_uart_config_output
</UL>
<BR>[Called By]<UL><LI><a href="#[161]">&gt;&gt;</a>&nbsp;&nbsp;&nbsp;_at_cmd_sys_uartdef
<LI><a href="#[160]">&gt;&gt;</a>&nbsp;&nbsp;&nbsp;_at_cmd_sys_uartcur
</UL>

<P><STRONG><a name="[348]"></a>_at_cmd_sys_internal_uart_config_parse</STRONG> (Thumb, 192 bytes, Stack size 88 bytes, at_cmd_sys_patch.o(i._at_cmd_sys_internal_uart_config_parse))
<BR><BR>[Stack]<UL><LI>Max Depth = 112<LI>Call Chain = _at_cmd_sys_internal_uart_config_parse &rArr; Cmd_TokenParse
</UL>
<BR>[Calls]<UL><LI><a href="#[226]">&gt;&gt;</a>&nbsp;&nbsp;&nbsp;strtoul
<LI><a href="#[223]">&gt;&gt;</a>&nbsp;&nbsp;&nbsp;Cmd_TokenParse
</UL>
<BR>[Called By]<UL><LI><a href="#[161]">&gt;&gt;</a>&nbsp;&nbsp;&nbsp;_at_cmd_sys_uartdef
<LI><a href="#[160]">&gt;&gt;</a>&nbsp;&nbsp;&nbsp;_at_cmd_sys_uartcur
</UL>

<P><STRONG><a name="[347]"></a>_at_cmd_sys_internal_wait</STRONG> (Thumb, 54 bytes, Stack size 16 bytes, at_cmd_sys_patch.o(i._at_cmd_sys_internal_wait))
<BR><BR>[Stack]<UL><LI>Max Depth = 16<LI>Call Chain = _at_cmd_sys_internal_wait
</UL>
<BR>[Calls]<UL><LI><a href="#[34a]">&gt;&gt;</a>&nbsp;&nbsp;&nbsp;Hal_Tick_PerMilliSec
<LI><a href="#[349]">&gt;&gt;</a>&nbsp;&nbsp;&nbsp;Hal_Tick_MilliSecMax
<LI><a href="#[34b]">&gt;&gt;</a>&nbsp;&nbsp;&nbsp;Hal_Tick_Diff
</UL>
<BR>[Called By]<UL><LI><a href="#[15c]">&gt;&gt;</a>&nbsp;&nbsp;&nbsp;_at_cmd_sys_rst
<LI><a href="#[15f]">&gt;&gt;</a>&nbsp;&nbsp;&nbsp;_at_cmd_sys_restore
<LI><a href="#[171]">&gt;&gt;</a>&nbsp;&nbsp;&nbsp;_at_cmd_sys_download
<LI><a href="#[161]">&gt;&gt;</a>&nbsp;&nbsp;&nbsp;_at_cmd_sys_uartdef
<LI><a href="#[160]">&gt;&gt;</a>&nbsp;&nbsp;&nbsp;_at_cmd_sys_uartcur
</UL>

<P><STRONG><a name="[357]"></a>at_resolve_dns</STRONG> (Thumb, 38 bytes, Stack size 8 bytes, at_cmd_tcpip_patch.o(i.at_resolve_dns))
<BR><BR>[Stack]<UL><LI>Max Depth = 8<LI>Call Chain = at_resolve_dns
</UL>
<BR>[Calls]<UL><LI><a href="#[3c3]">&gt;&gt;</a>&nbsp;&nbsp;&nbsp;lwip_gethostbyname
</UL>
<BR>[Called By]<UL><LI><a href="#[364]">&gt;&gt;</a>&nbsp;&nbsp;&nbsp;at_create_udp_client
<LI><a href="#[363]">&gt;&gt;</a>&nbsp;&nbsp;&nbsp;at_create_tcp_client
<LI><a href="#[173]">&gt;&gt;</a>&nbsp;&nbsp;&nbsp;_at_cmd_tcpip_cipdomain
</UL>

<P><STRONG><a name="[7a]"></a>ip_reass_chain_frag_into_datagram_and_validate_patch</STRONG> (Thumb, 408 bytes, Stack size 40 bytes, ip4_frag_patch.o(i.ip_reass_chain_frag_into_datagram_and_validate_patch))
<BR><BR>[Stack]<UL><LI>Max Depth = 40<LI>Call Chain = ip_reass_chain_frag_into_datagram_and_validate_patch
</UL>
<BR>[Calls]<UL><LI><a href="#[355]">&gt;&gt;</a>&nbsp;&nbsp;&nbsp;lwip_htons
<LI><a href="#[3c1]">&gt;&gt;</a>&nbsp;&nbsp;&nbsp;assert_loop
</UL>
<BR>[Address Reference Count : 1]<UL><LI> ip4_frag_patch.o(i.lwip_load_interface_ip4_frag_patch)
</UL>
<P><STRONG><a name="[7c]"></a>ip_ready_callback_patch</STRONG> (Thumb, 104 bytes, Stack size 40 bytes, lwip_helper_patch.o(i.ip_ready_callback_patch))
<BR><BR>[Stack]<UL><LI>Max Depth = 64<LI>Call Chain = ip_ready_callback_patch &rArr; wifi_event_loop_send
</UL>
<BR>[Calls]<UL><LI><a href="#[3e6]">&gt;&gt;</a>&nbsp;&nbsp;&nbsp;ip6addr_ntoa_r
<LI><a href="#[3e4]">&gt;&gt;</a>&nbsp;&nbsp;&nbsp;ip4addr_ntoa_r
<LI><a href="#[3e5]">&gt;&gt;</a>&nbsp;&nbsp;&nbsp;sys_sem_signal
<LI><a href="#[3d0]">&gt;&gt;</a>&nbsp;&nbsp;&nbsp;wifi_event_loop_send
</UL>
<BR>[Address Reference Count : 1]<UL><LI> lwip_helper_patch.o(i.lwip_load_interface_lwip_helper_patch)
</UL>
<P><STRONG><a name="[228]"></a>Hal_Aux_Pinmux</STRONG> (Thumb, 58 bytes, Stack size 8 bytes, hal_auxadc_cmd.o(i.Hal_Aux_Pinmux))
<BR><BR>[Stack]<UL><LI>Max Depth = 8<LI>Call Chain = Hal_Aux_Pinmux
</UL>
<BR>[Called By]<UL><LI><a href="#[21e]">&gt;&gt;</a>&nbsp;&nbsp;&nbsp;Hal_Aux_CmdParse
</UL>

<P><STRONG><a name="[249]"></a>__NVIC_ClearPendingIRQ</STRONG> (Thumb, 26 bytes, Stack size 0 bytes, hal_wdt_patch.o(i.__NVIC_ClearPendingIRQ))
<BR><BR>[Called By]<UL><LI><a href="#[96]">&gt;&gt;</a>&nbsp;&nbsp;&nbsp;Hal_Wdt_Init_patch
<LI><a href="#[97]">&gt;&gt;</a>&nbsp;&nbsp;&nbsp;Hal_Wdt_InitForInt_patch
</UL>

<P><STRONG><a name="[24b]"></a>__NVIC_EnableIRQ</STRONG> (Thumb, 26 bytes, Stack size 0 bytes, hal_wdt_patch.o(i.__NVIC_EnableIRQ))
<BR><BR>[Called By]<UL><LI><a href="#[96]">&gt;&gt;</a>&nbsp;&nbsp;&nbsp;Hal_Wdt_Init_patch
<LI><a href="#[97]">&gt;&gt;</a>&nbsp;&nbsp;&nbsp;Hal_Wdt_InitForInt_patch
</UL>

<P><STRONG><a name="[24a]"></a>__NVIC_SetPriority</STRONG> (Thumb, 32 bytes, Stack size 0 bytes, hal_wdt_patch.o(i.__NVIC_SetPriority))
<BR><BR>[Called By]<UL><LI><a href="#[96]">&gt;&gt;</a>&nbsp;&nbsp;&nbsp;Hal_Wdt_Init_patch
<LI><a href="#[97]">&gt;&gt;</a>&nbsp;&nbsp;&nbsp;Hal_Wdt_InitForInt_patch
</UL>

<P><STRONG><a name="[3d9]"></a>debug_auto_connect</STRONG> (Thumb, 216 bytes, Stack size 488 bytes, wpa_cli_patch.o(i.debug_auto_connect))
<BR><BR>[Stack]<UL><LI>Max Depth = 496<LI>Call Chain = debug_auto_connect &rArr; get_auto_connect_info
</UL>
<BR>[Calls]<UL><LI><a href="#[374]">&gt;&gt;</a>&nbsp;&nbsp;&nbsp;get_auto_connect_mode
<LI><a href="#[37c]">&gt;&gt;</a>&nbsp;&nbsp;&nbsp;get_auto_connect_info
<LI><a href="#[3da]">&gt;&gt;</a>&nbsp;&nbsp;&nbsp;get_auto_connect_ap_num
<LI><a href="#[378]">&gt;&gt;</a>&nbsp;&nbsp;&nbsp;get_auto_connect_ap_cfg
</UL>
<BR>[Called By]<UL><LI><a href="#[442]">&gt;&gt;</a>&nbsp;&nbsp;&nbsp;wpa_cli_conn_mode
</UL>

<P><STRONG><a name="[17]"></a>LeCmdAppBuildGattTable</STRONG> (Thumb, 310 bytes, Stack size 40 bytes, ble_cmd_app_gatt.o(i.LeCmdAppBuildGattTable))
<BR><BR>[Stack]<UL><LI>Max Depth = 208<LI>Call Chain = LeCmdAppBuildGattTable &rArr; LeGattDbBuildServiceDb &rArr; LeGattDbBuildAttr &rArr; LeGattDbCheckAttr &rArr; LeGattDbClear
</UL>
<BR>[Calls]<UL><LI><a href="#[200]">&gt;&gt;</a>&nbsp;&nbsp;&nbsp;PanicUnlessMalloc
<LI><a href="#[25a]">&gt;&gt;</a>&nbsp;&nbsp;&nbsp;LeHostCmdApp
<LI><a href="#[25c]">&gt;&gt;</a>&nbsp;&nbsp;&nbsp;LeGattDbGetServiceId
<LI><a href="#[25b]">&gt;&gt;</a>&nbsp;&nbsp;&nbsp;LeGattDbBuildServiceDb
<LI><a href="#[25d]">&gt;&gt;</a>&nbsp;&nbsp;&nbsp;LeCmdAppGetChar
</UL>
<BR>[Address Reference Count : 1]<UL><LI> ble_cmd_app_gatt.o(i.LeCmdAppGattFuncAssign)
</UL>
<P><STRONG><a name="[25e]"></a>LeCmdAppBuildPeerGattTable</STRONG> (Thumb, 430 bytes, Stack size 48 bytes, ble_cmd_app_gatt.o(i.LeCmdAppBuildPeerGattTable))
<BR><BR>[Stack]<UL><LI>Max Depth = 48<LI>Call Chain = LeCmdAppBuildPeerGattTable
</UL>
<BR>[Calls]<UL><LI><a href="#[200]">&gt;&gt;</a>&nbsp;&nbsp;&nbsp;PanicUnlessMalloc
<LI><a href="#[20d]">&gt;&gt;</a>&nbsp;&nbsp;&nbsp;MemSet
<LI><a href="#[25a]">&gt;&gt;</a>&nbsp;&nbsp;&nbsp;LeHostCmdApp
</UL>
<BR>[Called By]<UL><LI><a href="#[276]">&gt;&gt;</a>&nbsp;&nbsp;&nbsp;LeCmdAppHandleGattFindAllCharDescCfm
</UL>

<P><STRONG><a name="[25d]"></a>LeCmdAppGetChar</STRONG> (Thumb, 262 bytes, Stack size 40 bytes, ble_cmd_app_gatt.o(i.LeCmdAppGetChar))
<BR><BR>[Stack]<UL><LI>Max Depth = 40<LI>Call Chain = LeCmdAppGetChar
</UL>
<BR>[Calls]<UL><LI><a href="#[1fe]">&gt;&gt;</a>&nbsp;&nbsp;&nbsp;MemCopy
<LI><a href="#[271]">&gt;&gt;</a>&nbsp;&nbsp;&nbsp;MemCmp
</UL>
<BR>[Called By]<UL><LI><a href="#[17]">&gt;&gt;</a>&nbsp;&nbsp;&nbsp;LeCmdAppBuildGattTable
</UL>

<P><STRONG><a name="[275]"></a>LeCmdAppHandleGattCharDescInfoInd</STRONG> (Thumb, 140 bytes, Stack size 24 bytes, ble_cmd_app_gatt.o(i.LeCmdAppHandleGattCharDescInfoInd))
<BR><BR>[Stack]<UL><LI>Max Depth = 24<LI>Call Chain = LeCmdAppHandleGattCharDescInfoInd
</UL>
<BR>[Calls]<UL><LI><a href="#[200]">&gt;&gt;</a>&nbsp;&nbsp;&nbsp;PanicUnlessMalloc
<LI><a href="#[201]">&gt;&gt;</a>&nbsp;&nbsp;&nbsp;LeQueuePush
<LI><a href="#[1fe]">&gt;&gt;</a>&nbsp;&nbsp;&nbsp;MemCopy
<LI><a href="#[25a]">&gt;&gt;</a>&nbsp;&nbsp;&nbsp;LeHostCmdApp
</UL>
<BR>[Called By]<UL><LI><a href="#[273]">&gt;&gt;</a>&nbsp;&nbsp;&nbsp;LeCmdAppGattTaskHandler
</UL>

<P><STRONG><a name="[279]"></a>LeCmdAppHandleGattCharInfoInd</STRONG> (Thumb, 232 bytes, Stack size 40 bytes, ble_cmd_app_gatt.o(i.LeCmdAppHandleGattCharInfoInd))
<BR><BR>[Stack]<UL><LI>Max Depth = 40<LI>Call Chain = LeCmdAppHandleGattCharInfoInd
</UL>
<BR>[Calls]<UL><LI><a href="#[25a]">&gt;&gt;</a>&nbsp;&nbsp;&nbsp;LeHostCmdApp
</UL>
<BR>[Called By]<UL><LI><a href="#[273]">&gt;&gt;</a>&nbsp;&nbsp;&nbsp;LeCmdAppGattTaskHandler
</UL>

<P><STRONG><a name="[27a]"></a>LeCmdAppHandleGattCharValInd</STRONG> (Thumb, 100 bytes, Stack size 24 bytes, ble_cmd_app_gatt.o(i.LeCmdAppHandleGattCharValInd))
<BR><BR>[Stack]<UL><LI>Max Depth = 24<LI>Call Chain = LeCmdAppHandleGattCharValInd
</UL>
<BR>[Calls]<UL><LI><a href="#[200]">&gt;&gt;</a>&nbsp;&nbsp;&nbsp;PanicUnlessMalloc
<LI><a href="#[1fe]">&gt;&gt;</a>&nbsp;&nbsp;&nbsp;MemCopy
<LI><a href="#[25a]">&gt;&gt;</a>&nbsp;&nbsp;&nbsp;LeHostCmdApp
</UL>
<BR>[Called By]<UL><LI><a href="#[273]">&gt;&gt;</a>&nbsp;&nbsp;&nbsp;LeCmdAppGattTaskHandler
</UL>

<P><STRONG><a name="[276]"></a>LeCmdAppHandleGattFindAllCharDescCfm</STRONG> (Thumb, 206 bytes, Stack size 40 bytes, ble_cmd_app_gatt.o(i.LeCmdAppHandleGattFindAllCharDescCfm))
<BR><BR>[Stack]<UL><LI>Max Depth = 88<LI>Call Chain = LeCmdAppHandleGattFindAllCharDescCfm &rArr; LeCmdAppBuildPeerGattTable
</UL>
<BR>[Calls]<UL><LI><a href="#[200]">&gt;&gt;</a>&nbsp;&nbsp;&nbsp;PanicUnlessMalloc
<LI><a href="#[201]">&gt;&gt;</a>&nbsp;&nbsp;&nbsp;LeQueuePush
<LI><a href="#[203]">&gt;&gt;</a>&nbsp;&nbsp;&nbsp;LeQueuePop
<LI><a href="#[202]">&gt;&gt;</a>&nbsp;&nbsp;&nbsp;LeQueueCount
<LI><a href="#[204]">&gt;&gt;</a>&nbsp;&nbsp;&nbsp;FreeMem
<LI><a href="#[1fe]">&gt;&gt;</a>&nbsp;&nbsp;&nbsp;MemCopy
<LI><a href="#[20b]">&gt;&gt;</a>&nbsp;&nbsp;&nbsp;LeGattFindAllPrimaryService
<LI><a href="#[25a]">&gt;&gt;</a>&nbsp;&nbsp;&nbsp;LeHostCmdApp
<LI><a href="#[25e]">&gt;&gt;</a>&nbsp;&nbsp;&nbsp;LeCmdAppBuildPeerGattTable
</UL>
<BR>[Called By]<UL><LI><a href="#[273]">&gt;&gt;</a>&nbsp;&nbsp;&nbsp;LeCmdAppGattTaskHandler
</UL>

<P><STRONG><a name="[274]"></a>LeCmdAppHandleGattFindAllPrimaryServiceCfm</STRONG> (Thumb, 164 bytes, Stack size 24 bytes, ble_cmd_app_gatt.o(i.LeCmdAppHandleGattFindAllPrimaryServiceCfm))
<BR><BR>[Stack]<UL><LI>Max Depth = 24<LI>Call Chain = LeCmdAppHandleGattFindAllPrimaryServiceCfm
</UL>
<BR>[Calls]<UL><LI><a href="#[27f]">&gt;&gt;</a>&nbsp;&nbsp;&nbsp;LeGattFindIncludedService
<LI><a href="#[25a]">&gt;&gt;</a>&nbsp;&nbsp;&nbsp;LeHostCmdApp
</UL>
<BR>[Called By]<UL><LI><a href="#[273]">&gt;&gt;</a>&nbsp;&nbsp;&nbsp;LeCmdAppGattTaskHandler
</UL>

<P><STRONG><a name="[278]"></a>LeCmdAppHandleGattInclServiceInfoCfm</STRONG> (Thumb, 124 bytes, Stack size 24 bytes, ble_cmd_app_gatt.o(i.LeCmdAppHandleGattInclServiceInfoCfm))
<BR><BR>[Stack]<UL><LI>Max Depth = 24<LI>Call Chain = LeCmdAppHandleGattInclServiceInfoCfm
</UL>
<BR>[Calls]<UL><LI><a href="#[25a]">&gt;&gt;</a>&nbsp;&nbsp;&nbsp;LeHostCmdApp
</UL>
<BR>[Called By]<UL><LI><a href="#[273]">&gt;&gt;</a>&nbsp;&nbsp;&nbsp;LeCmdAppGattTaskHandler
</UL>

<P><STRONG><a name="[277]"></a>LeCmdAppHandleGattInclServiceInfoInd</STRONG> (Thumb, 98 bytes, Stack size 24 bytes, ble_cmd_app_gatt.o(i.LeCmdAppHandleGattInclServiceInfoInd))
<BR><BR>[Stack]<UL><LI>Max Depth = 24<LI>Call Chain = LeCmdAppHandleGattInclServiceInfoInd
</UL>
<BR>[Calls]<UL><LI><a href="#[1fe]">&gt;&gt;</a>&nbsp;&nbsp;&nbsp;MemCopy
<LI><a href="#[25a]">&gt;&gt;</a>&nbsp;&nbsp;&nbsp;LeHostCmdApp
</UL>
<BR>[Called By]<UL><LI><a href="#[273]">&gt;&gt;</a>&nbsp;&nbsp;&nbsp;LeCmdAppGattTaskHandler
</UL>

<P><STRONG><a name="[27b]"></a>LeCmdAppHandleGattReadLongCharValCfm</STRONG> (Thumb, 76 bytes, Stack size 16 bytes, ble_cmd_app_gatt.o(i.LeCmdAppHandleGattReadLongCharValCfm))
<BR><BR>[Stack]<UL><LI>Max Depth = 16<LI>Call Chain = LeCmdAppHandleGattReadLongCharValCfm
</UL>
<BR>[Calls]<UL><LI><a href="#[204]">&gt;&gt;</a>&nbsp;&nbsp;&nbsp;FreeMem
<LI><a href="#[25a]">&gt;&gt;</a>&nbsp;&nbsp;&nbsp;LeHostCmdApp
</UL>
<BR>[Called By]<UL><LI><a href="#[273]">&gt;&gt;</a>&nbsp;&nbsp;&nbsp;LeCmdAppGattTaskHandler
</UL>

<P><STRONG><a name="[2f4]"></a>LeNvmStoreReadFromMwFim</STRONG> (Thumb, 170 bytes, Stack size 40 bytes, ble_nvm_store_patch.o(i.LeNvmStoreReadFromMwFim))
<BR><BR>[Stack]<UL><LI>Max Depth = 136<LI>Call Chain = LeNvmStoreReadFromMwFim &rArr; MwFim_FileRead &rArr; Hal_Flash_AddrRead
</UL>
<BR>[Calls]<UL><LI><a href="#[200]">&gt;&gt;</a>&nbsp;&nbsp;&nbsp;PanicUnlessMalloc
<LI><a href="#[204]">&gt;&gt;</a>&nbsp;&nbsp;&nbsp;FreeMem
<LI><a href="#[1fe]">&gt;&gt;</a>&nbsp;&nbsp;&nbsp;MemCopy
<LI><a href="#[2b2]">&gt;&gt;</a>&nbsp;&nbsp;&nbsp;OctetsToDec16
<LI><a href="#[230]">&gt;&gt;</a>&nbsp;&nbsp;&nbsp;MwFim_FileRead
</UL>
<BR>[Called By]<UL><LI><a href="#[2f3]">&gt;&gt;</a>&nbsp;&nbsp;&nbsp;LeHostStoreRead
</UL>

<P><STRONG><a name="[2f6]"></a>LeNvmStoreWriteToMwFim</STRONG> (Thumb, 134 bytes, Stack size 40 bytes, ble_nvm_store_patch.o(i.LeNvmStoreWriteToMwFim))
<BR><BR>[Stack]<UL><LI>Max Depth = 376<LI>Call Chain = LeNvmStoreWriteToMwFim &rArr; MwFim_FileWrite &rArr; MwFim_FileWriteDo &rArr; MwFim_GroupSwap &rArr; Hal_Flash_AddrRead
</UL>
<BR>[Calls]<UL><LI><a href="#[200]">&gt;&gt;</a>&nbsp;&nbsp;&nbsp;PanicUnlessMalloc
<LI><a href="#[204]">&gt;&gt;</a>&nbsp;&nbsp;&nbsp;FreeMem
<LI><a href="#[20d]">&gt;&gt;</a>&nbsp;&nbsp;&nbsp;MemSet
<LI><a href="#[1fe]">&gt;&gt;</a>&nbsp;&nbsp;&nbsp;MemCopy
<LI><a href="#[230]">&gt;&gt;</a>&nbsp;&nbsp;&nbsp;MwFim_FileRead
<LI><a href="#[2fc]">&gt;&gt;</a>&nbsp;&nbsp;&nbsp;MwFim_FileWrite
</UL>
<BR>[Called By]<UL><LI><a href="#[2f5]">&gt;&gt;</a>&nbsp;&nbsp;&nbsp;LeHostStoreWrite
</UL>

<P><STRONG><a name="[438]"></a>wifi_convert_auth_mode</STRONG> (Thumb, 24 bytes, Stack size 0 bytes, wifi_api.o(i.wifi_convert_auth_mode))
<BR><BR>[Called By]<UL><LI><a href="#[389]">&gt;&gt;</a>&nbsp;&nbsp;&nbsp;wifi_scan_get_ap_records
<LI><a href="#[3b3]">&gt;&gt;</a>&nbsp;&nbsp;&nbsp;wifi_scan_get_ap_list
</UL>

<P><STRONG><a name="[cd]"></a>wifi_event_sta_connected_handler</STRONG> (Thumb, 8 bytes, Stack size 0 bytes, wifi_event_handler.o(i.wifi_event_sta_connected_handler))
<BR>[Address Reference Count : 1]<UL><LI> wifi_event_handler.o(i.wifi_install_default_event_handlers)
</UL>
<P><STRONG><a name="[ce]"></a>wifi_event_sta_disconnected_handler</STRONG> (Thumb, 8 bytes, Stack size 0 bytes, wifi_event_handler.o(i.wifi_event_sta_disconnected_handler))
<BR>[Address Reference Count : 1]<UL><LI> wifi_event_handler.o(i.wifi_install_default_event_handlers)
</UL>
<P><STRONG><a name="[c3]"></a>sntp_dns_found</STRONG> (Thumb, 74 bytes, Stack size 8 bytes, sntp_client.o(i.sntp_dns_found))
<BR><BR>[Stack]<UL><LI>Max Depth = 32<LI>Call Chain = sntp_dns_found &rArr; sntp_send_request
</UL>
<BR>[Calls]<UL><LI><a href="#[40a]">&gt;&gt;</a>&nbsp;&nbsp;&nbsp;sntp_send_request
<LI><a href="#[c1]">&gt;&gt;</a>&nbsp;&nbsp;&nbsp;sntp_retry
</UL>
<BR>[Address Reference Count : 1]<UL><LI> sntp_client.o(i.sntp_request)
</UL>
<P><STRONG><a name="[c0]"></a>sntp_recv</STRONG> (Thumb, 306 bytes, Stack size 40 bytes, sntp_client.o(i.sntp_recv))
<BR><BR>[Stack]<UL><LI>Max Depth = 88<LI>Call Chain = sntp_recv &rArr; ctime &rArr; asctime
</UL>
<BR>[Calls]<UL><LI><a href="#[3a9]">&gt;&gt;</a>&nbsp;&nbsp;&nbsp;lwip_htonl
<LI><a href="#[40e]">&gt;&gt;</a>&nbsp;&nbsp;&nbsp;sys_untimeout
<LI><a href="#[411]">&gt;&gt;</a>&nbsp;&nbsp;&nbsp;sys_timeout_debug
<LI><a href="#[40f]">&gt;&gt;</a>&nbsp;&nbsp;&nbsp;pbuf_free
<LI><a href="#[410]">&gt;&gt;</a>&nbsp;&nbsp;&nbsp;pbuf_copy_partial
<LI><a href="#[1eb]">&gt;&gt;</a>&nbsp;&nbsp;&nbsp;ctime
<LI><a href="#[c1]">&gt;&gt;</a>&nbsp;&nbsp;&nbsp;sntp_retry
</UL>
<BR>[Address Reference Count : 1]<UL><LI> sntp_client.o(i.sntp_init)
</UL>
<P><STRONG><a name="[c2]"></a>sntp_request</STRONG> (Thumb, 218 bytes, Stack size 40 bytes, sntp_client.o(i.sntp_request))
<BR><BR>[Stack]<UL><LI>Max Depth = 64<LI>Call Chain = sntp_request &rArr; sntp_send_request
</UL>
<BR>[Calls]<UL><LI><a href="#[246]">&gt;&gt;</a>&nbsp;&nbsp;&nbsp;__aeabi_memcpy4
<LI><a href="#[3a5]">&gt;&gt;</a>&nbsp;&nbsp;&nbsp;ip6addr_ntoa
<LI><a href="#[36f]">&gt;&gt;</a>&nbsp;&nbsp;&nbsp;ip4addr_ntoa
<LI><a href="#[412]">&gt;&gt;</a>&nbsp;&nbsp;&nbsp;dns_gethostbyname
<LI><a href="#[411]">&gt;&gt;</a>&nbsp;&nbsp;&nbsp;sys_timeout_debug
<LI><a href="#[40a]">&gt;&gt;</a>&nbsp;&nbsp;&nbsp;sntp_send_request
</UL>
<BR>[Called By]<UL><LI><a href="#[360]">&gt;&gt;</a>&nbsp;&nbsp;&nbsp;sntp_init
</UL>
<BR>[Address Reference Count : 4]<UL><LI> sntp_client.o(i.sntp_recv)
<LI> sntp_client.o(i.sntp_retry)
<LI> sntp_client.o(i.sntp_send_request)
<LI> sntp_client.o(i.sntp_stop)
</UL>
<P><STRONG><a name="[c1]"></a>sntp_retry</STRONG> (Thumb, 64 bytes, Stack size 16 bytes, sntp_client.o(i.sntp_retry))
<BR><BR>[Stack]<UL><LI>Max Depth = 16<LI>Call Chain = sntp_retry
</UL>
<BR>[Calls]<UL><LI><a href="#[411]">&gt;&gt;</a>&nbsp;&nbsp;&nbsp;sys_timeout_debug
</UL>
<BR>[Called By]<UL><LI><a href="#[c0]">&gt;&gt;</a>&nbsp;&nbsp;&nbsp;sntp_recv
<LI><a href="#[c3]">&gt;&gt;</a>&nbsp;&nbsp;&nbsp;sntp_dns_found
</UL>
<BR>[Address Reference Count : 4]<UL><LI> sntp_client.o(i.sntp_recv)
<LI> sntp_client.o(i.sntp_request)
<LI> sntp_client.o(i.sntp_send_request)
<LI> sntp_client.o(i.sntp_stop)
</UL>
<P><STRONG><a name="[40a]"></a>sntp_send_request</STRONG> (Thumb, 138 bytes, Stack size 24 bytes, sntp_client.o(i.sntp_send_request))
<BR><BR>[Stack]<UL><LI>Max Depth = 24<LI>Call Chain = sntp_send_request
</UL>
<BR>[Calls]<UL><LI><a href="#[327]">&gt;&gt;</a>&nbsp;&nbsp;&nbsp;__aeabi_memclr
<LI><a href="#[413]">&gt;&gt;</a>&nbsp;&nbsp;&nbsp;udp_sendto
<LI><a href="#[411]">&gt;&gt;</a>&nbsp;&nbsp;&nbsp;sys_timeout_debug
<LI><a href="#[40f]">&gt;&gt;</a>&nbsp;&nbsp;&nbsp;pbuf_free
<LI><a href="#[3ea]">&gt;&gt;</a>&nbsp;&nbsp;&nbsp;pbuf_alloc
</UL>
<BR>[Called By]<UL><LI><a href="#[c2]">&gt;&gt;</a>&nbsp;&nbsp;&nbsp;sntp_request
<LI><a href="#[c3]">&gt;&gt;</a>&nbsp;&nbsp;&nbsp;sntp_dns_found
</UL>
<P>
<H3>
Undefined Global Symbols
</H3><HR></body></html>
